107.151.226.242 - - [28/May/2016:21:17:58 +0800] "CONNECT www.alipay.com:443 HTTP/1.0" 400 172 "-" "-"
107.151.226.242 - - [28/May/2016:21:19:42 +0800] "GET http://www.proxy-listen.de/azenv.php HTTP/1.0" 404 2050 "-" "Mozilla/5.0 (compatible; MSIE 6.0; Windows NT 5.1; Trident/5.0)"
107.151.226.242 - - [28/May/2016:21:19:46 +0800] "CONNECT www.baidu.com:443 HTTP/1.0" 400 172 "-" "-"
115.28.188.203 - - [28/May/2016:21:52:27 +0800] "CONNECT search.yahoo.com:443 HTTP/1.1" 400 172 "-" "-"
107.151.226.242 - - [28/May/2016:22:05:14 +0800] "GET http://www.advalleys.com/azenvaa.php HTTP/1.0" 404 2054 "-" "Mozilla/5.0 (compatible; MSIE 6.0; Windows NT 5.1; Trident/5.0)"
107.151.226.242 - - [28/May/2016:22:05:16 +0800] "CONNECT www.baidu.com:443 HTTP/1.0" 400 172 "-" "-"
58.247.206.144 - - [28/May/2016:22:13:15 +0800] "POST /api.php?hash=r3bbG&signature=28a083f807999f18fb6ab23b0541186dc642b3c0&timestamp=1464444795&nonce=433057489 HTTP/1.0" 404 2151 "-" "Mozilla/4.0"
107.151.226.242 - - [28/May/2016:22:44:47 +0800] "GET http://domkrim.com/av.php HTTP/1.0" 404 2033 "-" "Mozilla/5.0 (compatible; MSIE 6.0; Windows NT 5.1; Trident/5.0)"
107.151.226.242 - - [28/May/2016:22:44:47 +0800] "CONNECT www.baidu.com:443 HTTP/1.0" 400 172 "-" "-"
107.151.226.242 - - [28/May/2016:22:46:06 +0800] "GET http://domkrim.com/av.php HTTP/1.0" 404 2033 "-" "Mozilla/5.0 (compatible; MSIE 6.0; Windows NT 5.1; Trident/5.0)"
107.151.226.242 - - [28/May/2016:22:46:07 +0800] "CONNECT www.alipay.com:443 HTTP/1.0" 400 172 "-" "-"
107.151.226.242 - - [28/May/2016:22:47:04 +0800] "GET http://www.advalleys.com/azenvaa.php HTTP/1.0" 404 2054 "-" "Mozilla/5.0 (compatible; MSIE 6.0; Windows NT 5.1; Trident/5.0)"
107.151.226.242 - - [28/May/2016:22:47:05 +0800] "CONNECT www.baidu.com:443 HTTP/1.0" 400 172 "-" "-"
80.82.78.38 - - [28/May/2016:22:54:51 +0800] "GET http://www.baidu.com/cache/global/img/gs.gif HTTP/1.1" 404 2098 "-" "Mozilla"
95.213.187.190 - - [28/May/2016:23:18:30 +0800] "CONNECT check.best-proxies.ru:80 HTTP/1.1" 400 172 "-" "-"
223.216.114.193 - - [28/May/2016:23:20:16 +0800] "GET / HTTP/1.1" 404 2033 "-" "Mozilla/5.0 (Windows NT 6.1; rv:31.0) Gecko/20100101 Firefox/31.0"
107.151.226.242 - - [28/May/2016:23:25:20 +0800] "GET http://www.rx2.eu/ivy/azenv.php HTTP/1.0" 404 2053 "-" "Mozilla/5.0 (compatible; MSIE 6.0; Windows NT 5.1; Trident/5.0)"
107.151.226.242 - - [28/May/2016:23:25:22 +0800] "CONNECT www.baidu.com:443 HTTP/1.0" 400 172 "-" "-"
58.247.206.142 - - [28/May/2016:23:38:42 +0800] "POST /api.php?hash=evYqw&signature=f2b4583b4339f1899cd17e804df2b97b35a4bcfb&timestamp=1464449922&nonce=1358313802 HTTP/1.0" 404 2152 "-" "Mozilla/4.0"
58.247.206.152 - - [28/May/2016:23:38:49 +0800] "POST /api.php?hash=evYqw&signature=094ba7848f7b42acdcebfb2345a9ba50d2b02fc0&timestamp=1464449929&nonce=320633220 HTTP/1.0" 404 2151 "-" "Mozilla/4.0"
183.18.84.239 - - [28/May/2016:23:38:50 +0800] "GET /themes/mobile/default/form/form.php?id=12&type=pinggu HTTP/1.1" 404 2157 "-" "Mozilla/5.0 (Linux; Android 4.1.2; HUAWEI MT1-T00 Build/HuaweiMT1-T00) AppleWebKit/537.36 (KHTML, like Gecko) Version/4.0 Chrome/37.0.0.0 Mobile MQQBrowser/6.2 TBS/036519 Safari/537.36 MicroMessenger/6.3.16.49_r03ae324.780 NetType/WIFI Language/zh_CN"
183.18.84.239 - - [28/May/2016:23:38:50 +0800] "GET /themes/mobile/default/form/form.php?id=12&type=pinggu HTTP/1.1" 404 2157 "-" "Mozilla/5.0 (Linux; Android 4.1.2; HUAWEI MT1-T00 Build/HuaweiMT1-T00) AppleWebKit/537.36 (KHTML, like Gecko) Version/4.0 Chrome/37.0.0.0 Mobile MQQBrowser/6.2 TBS/036519 Safari/537.36 MicroMessenger/6.3.16.49_r03ae324.780 NetType/WIFI Language/zh_CN"
183.18.84.239 - - [28/May/2016:23:38:52 +0800] "GET /themes/mobile/default/form/form.php?id=12&type=pinggu HTTP/1.1" 404 2157 "http://115.28.148.225/themes/mobile/default/form/form.php?id=12&type=pinggu" "Mozilla/5.0 (Linux; Android 4.1.2; HUAWEI MT1-T00 Build/HuaweiMT1-T00) AppleWebKit/537.36 (KHTML, like Gecko) Version/4.0 Chrome/37.0.0.0 Mobile MQQBrowser/6.2 TBS/036519 Safari/537.36 MicroMessenger/6.3.16.49_r03ae324.780 NetType/WIFI Language/zh_CN"
58.247.206.142 - - [28/May/2016:23:41:17 +0800] "POST /api.php?hash=evYqw&signature=05f1ed821e3cc14aad3454069cc582218c78694b&timestamp=1464450077&nonce=847261662 HTTP/1.0" 404 2151 "-" "Mozilla/4.0"
58.247.206.147 - - [28/May/2016:23:41:26 +0800] "POST /api.php?hash=evYqw&signature=e4899d4cf4813b3b0ff2ede124932aa7074dee8d&timestamp=1464450086&nonce=1403593557 HTTP/1.0" 404 2152 "-" "Mozilla/4.0"
58.247.206.157 - - [28/May/2016:23:41:47 +0800] "POST /api.php?hash=evYqw&signature=269af70b6b1dd84dde4e604d63cf647557dcf018&timestamp=1464450107&nonce=599539438 HTTP/1.0" 404 2151 "-" "Mozilla/4.0"
183.18.84.239 - - [28/May/2016:23:41:48 +0800] "GET /mobile.php?act=module&id=318&weid=12&name=site&do=detail HTTP/1.1" 404 2122 "-" "Mozilla/5.0 (Linux; Android 4.1.2; HUAWEI MT1-T00 Build/HuaweiMT1-T00) AppleWebKit/537.36 (KHTML, like Gecko) Version/4.0 Chrome/37.0.0.0 Mobile MQQBrowser/6.2 TBS/036519 Safari/537.36 MicroMessenger/6.3.16.49_r03ae324.780 NetType/WIFI Language/zh_CN"
183.18.84.239 - - [28/May/2016:23:41:49 +0800] "GET /mobile.php?act=module&id=318&weid=12&name=site&do=detail HTTP/1.1" 404 2122 "-" "Mozilla/5.0 (Linux; Android 4.1.2; HUAWEI MT1-T00 Build/HuaweiMT1-T00) AppleWebKit/537.36 (KHTML, like Gecko) Version/4.0 Chrome/37.0.0.0 Mobile MQQBrowser/6.2 TBS/036519 Safari/537.36 MicroMessenger/6.3.16.49_r03ae324.780 NetType/WIFI Language/zh_CN"
183.18.84.239 - - [28/May/2016:23:41:51 +0800] "GET /mobile.php?act=module&id=318&weid=12&name=site&do=detail HTTP/1.1" 404 2122 "http://115.28.148.225/mobile.php?act=module&id=318&weid=12&name=site&do=detail" "Mozilla/5.0 (Linux; Android 4.1.2; HUAWEI MT1-T00 Build/HuaweiMT1-T00) AppleWebKit/537.36 (KHTML, like Gecko) Version/4.0 Chrome/37.0.0.0 Mobile MQQBrowser/6.2 TBS/036519 Safari/537.36 MicroMessenger/6.3.16.49_r03ae324.780 NetType/WIFI Language/zh_CN"
58.247.206.147 - - [28/May/2016:23:42:19 +0800] "POST /api.php?hash=evYqw&signature=58887d926f1971fd7099aba95ff8eaefe9be1441&timestamp=1464450139&nonce=1504080716 HTTP/1.0" 404 2152 "-" "Mozilla/4.0"
107.151.226.242 - - [29/May/2016:00:05:39 +0800] "GET http://www.rx2.eu/ivy/azenv.php HTTP/1.0" 404 2053 "-" "Mozilla/5.0 (compatible; MSIE 6.0; Windows NT 5.1; Trident/5.0)"
107.151.226.242 - - [29/May/2016:00:05:41 +0800] "CONNECT www.baidu.com:443 HTTP/1.0" 400 172 "-" "-"
172.82.166.210 - - [29/May/2016:00:40:37 +0800] "GET http://www.baidu.com/cache/global/img/gs.gif HTTP/1.1" 404 2098 "-" "Mozilla"
58.247.206.157 - - [29/May/2016:00:50:07 +0800] "POST /api.php?hash=evYqw&signature=8ecf6f6e9727fc09074896ef186fe2da05f2ba50&timestamp=1464454207&nonce=486783943 HTTP/1.0" 404 2151 "-" "Mozilla/4.0"
23.251.63.45 - - [29/May/2016:00:51:21 +0800] "GET http://www.advalleys.com/azenvaa.php HTTP/1.0" 404 2054 "-" "Mozilla/5.0 (compatible; MSIE 6.0; Windows NT 5.1; Trident/5.0)"
23.251.63.45 - - [29/May/2016:00:51:21 +0800] "CONNECT www.baidu.com:443 HTTP/1.0" 400 172 "-" "-"
23.251.63.45 - - [29/May/2016:00:51:42 +0800] "GET http://domkrim.com/av.php HTTP/1.0" 404 2033 "-" "Mozilla/5.0 (compatible; MSIE 6.0; Windows NT 5.1; Trident/5.0)"
23.251.63.45 - - [29/May/2016:00:51:43 +0800] "CONNECT www.alipay.com:443 HTTP/1.0" 400 172 "-" "-"
107.151.226.242 - - [29/May/2016:00:54:15 +0800] "GET http://www.proxy-listen.de/azenv.php HTTP/1.0" 404 2050 "-" "Mozilla/5.0 (compatible; MSIE 6.0; Windows NT 5.1; Trident/5.0)"
107.151.226.242 - - [29/May/2016:00:54:19 +0800] "CONNECT www.baidu.com:443 HTTP/1.0" 400 172 "-" "-"
107.151.226.242 - - [29/May/2016:00:55:33 +0800] "GET http://www.rx2.eu/ivy/azenv.php HTTP/1.0" 404 2053 "-" "Mozilla/5.0 (compatible; MSIE 6.0; Windows NT 5.1; Trident/5.0)"
107.151.226.242 - - [29/May/2016:00:55:38 +0800] "CONNECT www.baidu.com:443 HTTP/1.0" 400 172 "-" "-"
107.151.226.242 - - [29/May/2016:01:28:57 +0800] "GET http://www.advalleys.com/azenvaa.php HTTP/1.0" 404 2054 "-" "Mozilla/5.0 (compatible; MSIE 6.0; Windows NT 5.1; Trident/5.0)"
107.151.226.242 - - [29/May/2016:01:29:01 +0800] "CONNECT www.alipay.com:443 HTTP/1.0" 400 172 "-" "-"
107.151.226.242 - - [29/May/2016:01:29:57 +0800] "GET http://www.proxyjudge.info/azenv.php HTTP/1.0" 404 2050 "-" "Mozilla/5.0 (compatible; MSIE 6.0; Windows NT 5.1; Trident/5.0)"
107.151.226.242 - - [29/May/2016:01:29:57 +0800] "CONNECT www.baidu.com:443 HTTP/1.0" 400 172 "-" "-"
185.25.151.159 - - [29/May/2016:01:43:16 +0800] "GET http://testp4.pospr.waw.pl/testproxy.php HTTP/1.1" 404 2074 "-" "Mozilla/5.0 (Windows NT 5.1; rv:32.0) Gecko/20100101 Firefox/31.0"
123.151.42.61 - - [29/May/2016:01:52:07 +0800] "GET http://www.baidu.com/ HTTP/1.1" 404 2029 "-" "-"
185.25.148.240 - - [29/May/2016:01:54:23 +0800] "GET http://testp4.pospr.waw.pl/testproxy.php HTTP/1.1" 404 2074 "-" "Mozilla/5.0 (Windows NT 5.1; rv:32.0) Gecko/20100101 Firefox/31.0"
107.151.226.242 - - [29/May/2016:02:05:32 +0800] "GET http://www.proxy-listen.de/azenv.php HTTP/1.0" 404 2050 "-" "Mozilla/5.0 (compatible; MSIE 6.0; Windows NT 5.1; Trident/5.0)"
107.151.226.242 - - [29/May/2016:02:05:34 +0800] "CONNECT www.baidu.com:443 HTTP/1.0" 400 172 "-" "-"
80.82.78.38 - - [29/May/2016:02:55:26 +0800] "GET http://www.baidu.com/cache/global/img/gs.gif HTTP/1.1" 404 2098 "-" "Mozilla"
107.151.226.242 - - [29/May/2016:02:57:10 +0800] "GET http://domkrim.com/av.php HTTP/1.0" 404 2033 "-" "Mozilla/5.0 (compatible; MSIE 6.0; Windows NT 5.1; Trident/5.0)"
107.151.226.242 - - [29/May/2016:02:57:14 +0800] "CONNECT www.baidu.com:443 HTTP/1.0" 400 172 "-" "-"
107.151.226.242 - - [29/May/2016:02:58:46 +0800] "GET http://proxyjudge.us/ HTTP/1.0" 404 2017 "-" "Mozilla/5.0 (compatible; MSIE 6.0; Windows NT 5.1; Trident/5.0)"
107.151.226.242 - - [29/May/2016:02:58:46 +0800] "CONNECT www.baidu.com:443 HTTP/1.0" 400 172 "-" "-"
107.151.226.242 - - [29/May/2016:03:31:40 +0800] "GET http://proxyjudge.us/ HTTP/1.0" 404 2017 "-" "Mozilla/5.0 (compatible; MSIE 6.0; Windows NT 5.1; Trident/5.0)"
107.151.226.242 - - [29/May/2016:03:31:42 +0800] "CONNECT www.alipay.com:443 HTTP/1.0" 400 172 "-" "-"
95.213.187.186 - - [29/May/2016:03:52:29 +0800] "CONNECT check.best-proxies.ru:80 HTTP/1.1" 400 172 "-" "-"
107.151.226.242 - - [29/May/2016:04:10:17 +0800] "GET http://www.luisaranguren.com/azenv.php HTTP/1.0" 404 2052 "-" "Mozilla/5.0 (compatible; MSIE 6.0; Windows NT 5.1; Trident/5.0)"
107.151.226.242 - - [29/May/2016:04:10:20 +0800] "CONNECT www.baidu.com:443 HTTP/1.0" 400 172 "-" "-"
107.151.226.242 - - [29/May/2016:04:48:13 +0800] "GET http://proxyjudge.us/ HTTP/1.0" 404 2017 "-" "Mozilla/5.0 (compatible; MSIE 6.0; Windows NT 5.1; Trident/5.0)"
107.151.226.242 - - [29/May/2016:04:48:15 +0800] "CONNECT www.alipay.com:443 HTTP/1.0" 400 172 "-" "-"
107.151.226.242 - - [29/May/2016:04:49:07 +0800] "GET http://www.proxy-listen.de/azenv.php HTTP/1.0" 404 2050 "-" "Mozilla/5.0 (compatible; MSIE 6.0; Windows NT 5.1; Trident/5.0)"
107.151.226.242 - - [29/May/2016:04:49:09 +0800] "CONNECT www.baidu.com:443 HTTP/1.0" 400 172 "-" "-"
107.151.226.242 - - [29/May/2016:05:15:32 +0800] "GET http://www.proxyjudge.info/azenv.php HTTP/1.0" 404 2050 "-" "Mozilla/5.0 (compatible; MSIE 6.0; Windows NT 5.1; Trident/5.0)"
107.151.226.242 - - [29/May/2016:05:15:34 +0800] "CONNECT www.baidu.com:443 HTTP/1.0" 400 172 "-" "-"
107.151.226.242 - - [29/May/2016:05:16:07 +0800] "GET http://www.luisaranguren.com/azenv.php HTTP/1.0" 404 2052 "-" "Mozilla/5.0 (compatible; MSIE 6.0; Windows NT 5.1; Trident/5.0)"
107.151.226.242 - - [29/May/2016:05:16:08 +0800] "CONNECT www.baidu.com:443 HTTP/1.0" 400 172 "-" "-"
107.151.226.242 - - [29/May/2016:05:41:32 +0800] "GET http://www.proxyjudge.info/azenv.php HTTP/1.0" 404 2050 "-" "Mozilla/5.0 (compatible; MSIE 6.0; Windows NT 5.1; Trident/5.0)"
107.151.226.242 - - [29/May/2016:05:41:34 +0800] "CONNECT www.baidu.com:443 HTTP/1.0" 400 172 "-" "-"
107.151.226.242 - - [29/May/2016:05:42:32 +0800] "GET http://proxyjudge.us/ HTTP/1.0" 404 2017 "-" "Mozilla/5.0 (compatible; MSIE 6.0; Windows NT 5.1; Trident/5.0)"
107.151.226.242 - - [29/May/2016:05:42:55 +0800] "CONNECT www.baidu.com:443 HTTP/1.0" 400 172 "-" "-"
107.151.226.242 - - [29/May/2016:06:11:14 +0800] "GET http://domkrim.com/av.php HTTP/1.0" 404 2033 "-" "Mozilla/5.0 (compatible; MSIE 6.0; Windows NT 5.1; Trident/5.0)"
107.151.226.242 - - [29/May/2016:06:11:16 +0800] "CONNECT www.baidu.com:443 HTTP/1.0" 400 172 "-" "-"
107.151.226.242 - - [29/May/2016:06:12:13 +0800] "GET http://domkrim.com/av.php HTTP/1.0" 404 2033 "-" "Mozilla/5.0 (compatible; MSIE 6.0; Windows NT 5.1; Trident/5.0)"
107.151.226.242 - - [29/May/2016:06:12:13 +0800] "CONNECT www.baidu.com:443 HTTP/1.0" 400 172 "-" "-"
121.42.0.35 - - [29/May/2016:06:21:04 +0800] "GET / HTTP/1.0" 404 2021 "-" "spiderman"
107.151.226.242 - - [29/May/2016:06:55:06 +0800] "GET http://domkrim.com/av.php HTTP/1.0" 404 2033 "-" "Mozilla/5.0 (compatible; MSIE 6.0; Windows NT 5.1; Trident/5.0)"
107.151.226.242 - - [29/May/2016:06:55:09 +0800] "CONNECT www.baidu.com:443 HTTP/1.0" 400 172 "-" "-"
80.82.78.38 - - [29/May/2016:06:57:56 +0800] "GET http://www.baidu.com/cache/global/img/gs.gif HTTP/1.1" 404 2098 "-" "Mozilla"
172.82.166.210 - - [29/May/2016:07:10:53 +0800] "GET http://www.baidu.com/cache/global/img/gs.gif HTTP/1.1" 404 2098 "-" "Mozilla"
61.231.6.77 - - [29/May/2016:07:12:17 +0800] "CONNECT 126mx00.mxmail.netease.com:25 HTTP/1.0" 400 172 "-" "-"
207.46.13.1 - - [29/May/2016:07:14:00 +0800] "GET /robots.txt HTTP/1.1" 404 2063 "-" "Mozilla/5.0 (compatible; bingbot/2.0; +http://www.bing.com/bingbot.htm)"
107.151.226.242 - - [29/May/2016:07:42:23 +0800] "GET http://domkrim.com/av.php HTTP/1.0" 404 2033 "-" "Mozilla/5.0 (compatible; MSIE 6.0; Windows NT 5.1; Trident/5.0)"
107.151.226.242 - - [29/May/2016:07:42:26 +0800] "CONNECT www.baidu.com:443 HTTP/1.0" 400 172 "-" "-"
121.42.0.33 - - [29/May/2016:07:53:05 +0800] "GET / HTTP/1.0" 404 2018 "-" "spiderman"
107.151.226.242 - - [29/May/2016:08:15:44 +0800] "GET http://proxyjudge.us/ HTTP/1.0" 404 2017 "-" "Mozilla/5.0 (compatible; MSIE 6.0; Windows NT 5.1; Trident/5.0)"
107.151.226.242 - - [29/May/2016:08:15:46 +0800] "CONNECT www.baidu.com:443 HTTP/1.0" 400 172 "-" "-"
107.151.226.242 - - [29/May/2016:08:16:41 +0800] "GET http://www.advalleys.com/azenvaa.php HTTP/1.0" 404 2054 "-" "Mozilla/5.0 (compatible; MSIE 6.0; Windows NT 5.1; Trident/5.0)"
107.151.226.242 - - [29/May/2016:08:16:43 +0800] "CONNECT www.baidu.com:443 HTTP/1.0" 400 172 "-" "-"
58.247.206.157 - - [29/May/2016:08:21:26 +0800] "POST /api.php?hash=evYqw&signature=057762fc96676083be10ba44cade0da7d72c6dcb&timestamp=1464481286&nonce=1837118230 HTTP/1.0" 404 2152 "-" "Mozilla/4.0"
95.213.187.190 - - [29/May/2016:08:33:19 +0800] "CONNECT check.best-proxies.ru:80 HTTP/1.1" 400 172 "-" "-"
107.151.226.242 - - [29/May/2016:08:48:15 +0800] "GET http://www.rx2.eu/ivy/azenv.php HTTP/1.0" 404 2053 "-" "Mozilla/5.0 (compatible; MSIE 6.0; Windows NT 5.1; Trident/5.0)"
107.151.226.242 - - [29/May/2016:08:48:18 +0800] "CONNECT www.baidu.com:443 HTTP/1.0" 400 172 "-" "-"
107.151.226.242 - - [29/May/2016:08:49:33 +0800] "GET http://www.advalleys.com/azenvaa.php HTTP/1.0" 404 2054 "-" "Mozilla/5.0 (compatible; MSIE 6.0; Windows NT 5.1; Trident/5.0)"
107.151.226.242 - - [29/May/2016:08:49:37 +0800] "CONNECT www.baidu.com:443 HTTP/1.0" 400 172 "-" "-"
58.247.206.144 - - [29/May/2016:08:54:48 +0800] "POST /api.php?hash=evYqw&signature=b641f7c222e639d49ff20849668f72ac0001093b&timestamp=1464483288&nonce=124147721 HTTP/1.0" 404 2151 "-" "Mozilla/4.0"
140.207.54.73 - - [29/May/2016:08:57:38 +0800] "POST /api.php?hash=evYqw&signature=ab7ab0eeb098c627b37969da8b3e8a0e9e3f9db9&timestamp=1464483458&nonce=290900420 HTTP/1.0" 404 2151 "-" "Mozilla/4.0"
140.207.54.77 - - [29/May/2016:09:00:22 +0800] "POST /api.php?hash=evYqw&signature=780d6bf1f4296d0ebe8632611b2b37bf7fae78c6&timestamp=1464483622&nonce=1714354528 HTTP/1.0" 404 2152 "-" "Mozilla/4.0"
183.136.190.62 - - [29/May/2016:09:06:11 +0800] "GET / HTTP/1.1" 404 2033 "-" "Mozilla/5.0 (Windows NT 6.1) AppleWebKit/537.36 (KHTML, like Gecko) Chrome/35.0.1916.153 Safari/537.36"
107.151.226.242 - - [29/May/2016:09:29:28 +0800] "GET http://www.rx2.eu/ivy/azenv.php HTTP/1.0" 404 2053 "-" "Mozilla/5.0 (compatible; MSIE 6.0; Windows NT 5.1; Trident/5.0)"
107.151.226.242 - - [29/May/2016:09:29:32 +0800] "CONNECT www.baidu.com:443 HTTP/1.0" 400 172 "-" "-"
107.151.226.242 - - [29/May/2016:09:30:45 +0800] "GET http://www.advalleys.com/azenvaa.php HTTP/1.0" 404 2054 "-" "Mozilla/5.0 (compatible; MSIE 6.0; Windows NT 5.1; Trident/5.0)"
107.151.226.242 - - [29/May/2016:09:30:47 +0800] "CONNECT www.alipay.com:443 HTTP/1.0" 400 172 "-" "-"
58.247.206.154 - - [29/May/2016:09:31:12 +0800] "POST /api.php?hash=evYqw&signature=fde8aa394dd59aeeb14616efbab01308ef528285&timestamp=1464485472&nonce=766983652 HTTP/1.0" 404 2151 "-" "Mozilla/4.0"
58.247.206.156 - - [29/May/2016:09:33:45 +0800] "POST /api.php?hash=evYqw&signature=14e7b3d8d7536dc7dc0293952e1bb41bb71d989e&timestamp=1464485625&nonce=915331011 HTTP/1.0" 404 2151 "-" "Mozilla/4.0"
58.247.206.144 - - [29/May/2016:09:42:38 +0800] "POST /api.php?hash=evYqw&signature=58860108d2e60436f5c4a2e1401b9fdef030d52c&timestamp=1464486158&nonce=1594836978 HTTP/1.0" 404 2152 "-" "Mozilla/4.0"
58.247.206.142 - - [29/May/2016:09:44:39 +0800] "POST /api.php?hash=evYqw&signature=7ad748f0989e21676979d2814f4e6c8c9f1d0172&timestamp=1464486279&nonce=1290400561 HTTP/1.0" 404 2152 "-" "Mozilla/4.0"
118.161.69.99 - - [29/May/2016:09:46:59 +0800] "CONNECT smtp.mail.yahoo.com:25 HTTP/1.0" 400 172 "-" "-"
140.207.54.73 - - [29/May/2016:09:47:48 +0800] "POST /api.php?hash=evYqw&signature=263463c14d28bb7db1b6e21286dae781f5d741dc&timestamp=1464486468&nonce=1945244649 HTTP/1.0" 404 2152 "-" "Mozilla/4.0"
140.207.54.74 - - [29/May/2016:09:47:56 +0800] "POST /api.php?hash=evYqw&signature=c8491ed60b3b9bc19603f5b213173b05f5293c55&timestamp=1464486476&nonce=722024977 HTTP/1.0" 404 2151 "-" "Mozilla/4.0"
140.207.54.77 - - [29/May/2016:09:56:23 +0800] "POST /api.php?hash=evYqw&signature=9d421e89676aa088803b697d81ac354032285016&timestamp=1464486983&nonce=346453913 HTTP/1.0" 404 2151 "-" "Mozilla/4.0"
107.151.226.242 - - [29/May/2016:10:02:52 +0800] "GET http://www.proxyjudge.info/azenv.php HTTP/1.0" 404 2050 "-" "Mozilla/5.0 (compatible; MSIE 6.0; Windows NT 5.1; Trident/5.0)"
107.151.226.242 - - [29/May/2016:10:02:55 +0800] "CONNECT www.baidu.com:443 HTTP/1.0" 400 172 "-" "-"
58.247.206.149 - - [29/May/2016:10:23:29 +0800] "POST /api.php?hash=evYqw&signature=025e9cb45322c296150278fc9c4308f997698d90&timestamp=1464488609&nonce=435050865 HTTP/1.0" 404 2151 "-" "Mozilla/4.0"
140.207.54.77 - - [29/May/2016:10:27:13 +0800] "POST /api.php?hash=evYqw&signature=dcf91ee6b818c1a4155ae61588a8dee1f9be752b&timestamp=1464488833&nonce=656432879 HTTP/1.0" 404 2151 "-" "Mozilla/4.0"
58.247.206.142 - - [29/May/2016:10:30:48 +0800] "POST /api.php?hash=evYqw&signature=d9e060b3d7e6542310569e8944a6f9f4c587ad4b&timestamp=1464489047&nonce=511200625 HTTP/1.0" 404 2151 "-" "Mozilla/4.0"
58.247.206.147 - - [29/May/2016:10:30:56 +0800] "POST /api.php?hash=evYqw&signature=1f960fb8fb6f0412aa6a9259cdd141d8d0afa369&timestamp=1464489056&nonce=380584133 HTTP/1.0" 404 2151 "-" "Mozilla/4.0"
58.247.206.157 - - [29/May/2016:10:31:02 +0800] "POST /api.php?hash=evYqw&signature=868180bdfcf8147cc348de5082c56508b0935b91&timestamp=1464489062&nonce=1782047602 HTTP/1.0" 404 2152 "-" "Mozilla/4.0"
117.136.34.177 - - [29/May/2016:10:31:04 +0800] "GET /themes/mobile/default/form/phone.php?weid=12 HTTP/1.1" 404 2146 "-" "Mozilla/5.0 (Linux; Android 4.1.2; HUAWEI MT1-T00 Build/HuaweiMT1-T00) AppleWebKit/537.36 (KHTML, like Gecko) Version/4.0 Chrome/37.0.0.0 Mobile MQQBrowser/6.2 TBS/036519 Safari/537.36 MicroMessenger/6.3.16.49_r03ae324.780 NetType/cmnet Language/zh_CN"
117.136.34.177 - - [29/May/2016:10:31:05 +0800] "GET /themes/mobile/default/form/phone.php?weid=12 HTTP/1.1" 404 2146 "-" "Mozilla/5.0 (Linux; Android 4.1.2; HUAWEI MT1-T00 Build/HuaweiMT1-T00) AppleWebKit/537.36 (KHTML, like Gecko) Version/4.0 Chrome/37.0.0.0 Mobile MQQBrowser/6.2 TBS/036519 Safari/537.36 MicroMessenger/6.3.16.49_r03ae324.780 NetType/cmnet Language/zh_CN"
117.136.34.177 - - [29/May/2016:10:31:07 +0800] "GET /themes/mobile/default/form/phone.php?weid=12 HTTP/1.1" 404 2146 "http://115.28.148.225/themes/mobile/default/form/phone.php?weid=12" "Mozilla/5.0 (Linux; Android 4.1.2; HUAWEI MT1-T00 Build/HuaweiMT1-T00) AppleWebKit/537.36 (KHTML, like Gecko) Version/4.0 Chrome/37.0.0.0 Mobile MQQBrowser/6.2 TBS/036519 Safari/537.36 MicroMessenger/6.3.16.49_r03ae324.780 NetType/cmnet Language/zh_CN"
58.247.206.152 - - [29/May/2016:10:31:32 +0800] "POST /api.php?hash=evYqw&signature=0a8d926096bb221833f02f2cf5f8e2195dab46f2&timestamp=1464489092&nonce=1562277063 HTTP/1.0" 404 2152 "-" "Mozilla/4.0"
121.42.0.87 - - [29/May/2016:10:33:37 +0800] "\x00\x9C\x00\x01\x1A+<M\x00\x01\x00\x00\x01\x00\x00\x00\x00\x00\x00\x01\x00\x00\x00\x01\x00\x00\x00\x00\x001\x00\x00\x00\x00\x00\x00\x00\x00\x00\x00\x00\x00\x00\x00\x00\x00\x00\x00\x00\x00\x00\x00\x00\x00\x00\x00\x00\x00\x00\x00\x00\x00\x00\x00\x00\x00\x00\x00\x00\x00\x00\x00\x00\x00\x00\x00\x00\x00\x00\x00\x00\x00\x00\x00\x00\x00\x00\x00\x00\x00\x00\x00\x00\x00\x00\x00\x00\x00\x00\x00\x00\x00\x00\x00\x00\x00\x00\x00\x00\x00\x00\x00\x00\x00\x00\x00\x00\x00\x00\x00\x00\x00\x00\x00\x00\x00\x00\x00\x00\x00\x00\x00\x00\x00\x00\x00\x00\x00\x00\x00\x00\x00\x00\x00\x00\x00\x00\x00\x00\x00\x00\x00\x00\x00\x00\x00" 400 172 "-" "-"
121.42.0.87 - - [29/May/2016:10:33:44 +0800] "\x00\x0E8\xC5;.\x5CC\xE3W\xCD\x00\x00\x00\x00\x00" 400 172 "-" "-"
107.151.226.242 - - [29/May/2016:10:41:42 +0800] "GET http://www.proxyjudge.info/azenv.php HTTP/1.0" 404 2050 "-" "Mozilla/5.0 (compatible; MSIE 6.0; Windows NT 5.1; Trident/5.0)"
107.151.226.242 - - [29/May/2016:10:41:43 +0800] "CONNECT www.baidu.com:443 HTTP/1.0" 400 172 "-" "-"
115.28.142.175 - - [29/May/2016:10:45:11 +0800] "CONNECT search.yahoo.com:443 HTTP/1.1" 400 172 "-" "-"
58.247.206.144 - - [29/May/2016:10:51:46 +0800] "POST /api.php?hash=evYqw&signature=d4c49bcc9f89880c97174339b41071d5f61e2c15&timestamp=1464490306&nonce=709070647 HTTP/1.0" 404 2151 "-" "Mozilla/4.0"
120.24.251.13 - - [29/May/2016:10:59:22 +0800] "GET / HTTP/1.1" 404 2032 "-" "-"
80.82.78.38 - - [29/May/2016:11:02:14 +0800] "GET http://www.baidu.com/cache/global/img/gs.gif HTTP/1.1" 404 2098 "-" "Mozilla"
107.151.226.242 - - [29/May/2016:11:17:00 +0800] "GET http://www.proxy-listen.de/azenv.php HTTP/1.0" 404 2050 "-" "Mozilla/5.0 (compatible; MSIE 6.0; Windows NT 5.1; Trident/5.0)"
107.151.226.242 - - [29/May/2016:11:17:00 +0800] "CONNECT www.baidu.com:443 HTTP/1.0" 400 172 "-" "-"
58.247.206.139 - - [29/May/2016:11:27:39 +0800] "POST /api.php?hash=evYqw&signature=849c2f0cedcddb42cbef1239b349d9c14929cb5b&timestamp=1464492459&nonce=339072389 HTTP/1.0" 404 2151 "-" "Mozilla/4.0"
140.207.54.77 - - [29/May/2016:11:28:46 +0800] "POST /api.php?hash=evYqw&signature=0ed9400f263971a0a750d27ca214ce6c13bcef63&timestamp=1464492526&nonce=1855681533 HTTP/1.0" 404 2152 "-" "Mozilla/4.0"
140.207.54.78 - - [29/May/2016:11:29:36 +0800] "POST /api.php?hash=evYqw&signature=6279d769e38f17ea7de360281742786935b22266&timestamp=1464492576&nonce=1819633119 HTTP/1.0" 404 2152 "-" "Mozilla/4.0"
118.161.69.99 - - [29/May/2016:11:43:23 +0800] "CONNECT smtp.mail.yahoo.com:25 HTTP/1.0" 400 172 "-" "-"
107.151.226.242 - - [29/May/2016:11:52:32 +0800] "GET http://www.proxyjudge.info/azenv.php HTTP/1.0" 404 2050 "-" "Mozilla/5.0 (compatible; MSIE 6.0; Windows NT 5.1; Trident/5.0)"
107.151.226.242 - - [29/May/2016:11:52:33 +0800] "CONNECT www.alipay.com:443 HTTP/1.0" 400 172 "-" "-"
107.151.226.242 - - [29/May/2016:11:53:41 +0800] "GET http://proxyjudge.us/ HTTP/1.0" 404 2017 "-" "Mozilla/5.0 (compatible; MSIE 6.0; Windows NT 5.1; Trident/5.0)"
107.151.226.242 - - [29/May/2016:11:53:41 +0800] "CONNECT www.baidu.com:443 HTTP/1.0" 400 172 "-" "-"
185.25.151.159 - - [29/May/2016:12:29:02 +0800] "GET http://testp3.pospr.waw.pl/testproxy.php HTTP/1.1" 404 2074 "-" "Mozilla/5.0 (Windows NT 5.1; rv:32.0) Gecko/20100101 Firefox/31.0"
107.151.226.242 - - [29/May/2016:12:35:17 +0800] "GET http://www.luisaranguren.com/azenv.php HTTP/1.0" 404 2052 "-" "Mozilla/5.0 (compatible; MSIE 6.0; Windows NT 5.1; Trident/5.0)"
107.151.226.242 - - [29/May/2016:12:35:19 +0800] "CONNECT www.baidu.com:443 HTTP/1.0" 400 172 "-" "-"
107.151.226.242 - - [29/May/2016:12:36:12 +0800] "GET http://domkrim.com/av.php HTTP/1.0" 404 2033 "-" "Mozilla/5.0 (compatible; MSIE 6.0; Windows NT 5.1; Trident/5.0)"
107.151.226.242 - - [29/May/2016:12:36:13 +0800] "CONNECT www.alipay.com:443 HTTP/1.0" 400 172 "-" "-"
140.207.54.76 - - [29/May/2016:12:46:44 +0800] "POST /api.php?hash=evYqw&signature=8a87ed5797b891fa92a388480821b61baa581a36&timestamp=1464497204&nonce=812004838 HTTP/1.0" 404 2151 "-" "Mozilla/4.0"
58.247.206.154 - - [29/May/2016:12:49:24 +0800] "POST /api.php?hash=evYqw&signature=17e2c5880875626ffbb40d5564b9d95a7f64d152&timestamp=1464497364&nonce=2129441183 HTTP/1.0" 404 2152 "-" "Mozilla/4.0"
115.28.34.29 - - [29/May/2016:12:51:59 +0800] "CONNECT search.yahoo.com:443 HTTP/1.1" 400 172 "-" "-"
95.213.187.186 - - [29/May/2016:13:14:11 +0800] "CONNECT check.best-proxies.ru:80 HTTP/1.1" 400 172 "-" "-"
58.247.206.154 - - [29/May/2016:13:17:08 +0800] "POST /api.php?hash=evYqw&signature=accfb904560fbbbe81d2cf372e0cd162a574ef76&timestamp=1464499028&nonce=150781305 HTTP/1.0" 404 2151 "-" "Mozilla/4.0"
107.151.226.242 - - [29/May/2016:13:34:34 +0800] "GET http://www.advalleys.com/azenvaa.php HTTP/1.0" 404 2054 "-" "Mozilla/5.0 (compatible; MSIE 6.0; Windows NT 5.1; Trident/5.0)"
107.151.226.242 - - [29/May/2016:13:34:37 +0800] "CONNECT www.baidu.com:443 HTTP/1.0" 400 172 "-" "-"
213.246.45.128 - - [29/May/2016:13:36:21 +0800] "GET http://www.baidu.com/cache/global/img/gs.gif HTTP/1.1" 404 2098 "-" "Mozilla"
58.247.206.157 - - [29/May/2016:13:43:06 +0800] "POST /api.php?hash=evYqw&signature=c6dd0a19f67380096f5a67cb735478d716b0fa5e&timestamp=1464500586&nonce=605008573 HTTP/1.0" 404 2151 "-" "Mozilla/4.0"
58.247.206.154 - - [29/May/2016:13:46:41 +0800] "POST /api.php?hash=evYqw&signature=e2c8a5cea5c6b1f909804819f8c8fe0cbe649eae&timestamp=1464500801&nonce=525441335 HTTP/1.0" 404 2151 "-" "Mozilla/4.0"
58.247.206.139 - - [29/May/2016:13:52:01 +0800] "POST /api.php?hash=evYqw&signature=5269519230038259cdbe4ab2b3323fbc320dc2c3&timestamp=1464501121&nonce=2075797932 HTTP/1.0" 404 2152 "-" "Mozilla/4.0"
207.46.13.1 - - [29/May/2016:13:54:51 +0800] "GET / HTTP/1.1" 404 2033 "-" "Mozilla/5.0 (compatible; bingbot/2.0; +http://www.bing.com/bingbot.htm)"
140.207.54.77 - - [29/May/2016:13:55:12 +0800] "POST /api.php?hash=evYqw&signature=087369fed8ad940c40420cfc14d938bbebb92656&timestamp=1464501312&nonce=619709804 HTTP/1.0" 404 2151 "-" "Mozilla/4.0"
140.207.54.77 - - [29/May/2016:14:11:06 +0800] "POST /api.php?hash=evYqw&signature=480d376985e4488208e0353a35c46f768294483b&timestamp=1464502266&nonce=170080134 HTTP/1.0" 404 2151 "-" "Mozilla/4.0"
123.151.42.61 - - [29/May/2016:14:22:42 +0800] "GET http://www.baidu.com/ HTTP/1.1" 404 2029 "-" "-"
107.151.226.242 - - [29/May/2016:14:23:14 +0800] "GET http://domkrim.com/av.php HTTP/1.0" 404 2033 "-" "Mozilla/5.0 (compatible; MSIE 6.0; Windows NT 5.1; Trident/5.0)"
107.151.226.242 - - [29/May/2016:14:23:17 +0800] "CONNECT www.baidu.com:443 HTTP/1.0" 400 172 "-" "-"
140.207.54.76 - - [29/May/2016:14:47:26 +0800] "POST /api.php?hash=evYqw&signature=4bee4516ed53d62dbe75c1aa8439f9ed723ece23&timestamp=1464504445&nonce=1295519331 HTTP/1.0" 404 2152 "-" "Mozilla/4.0"
80.82.78.38 - - [29/May/2016:15:07:19 +0800] "GET http://www.baidu.com/cache/global/img/gs.gif HTTP/1.1" 404 2098 "-" "Mozilla"
140.207.54.77 - - [29/May/2016:15:42:37 +0800] "POST /api.php?hash=r3bbG&signature=5bbfba5f946380078a7dba178936fd723aa9e52c&timestamp=1464507757&nonce=1312386032 HTTP/1.0" 404 2152 "-" "Mozilla/4.0"
107.151.226.242 - - [29/May/2016:15:43:33 +0800] "GET http://proxyjudge.us/ HTTP/1.0" 404 2017 "-" "Mozilla/5.0 (compatible; MSIE 6.0; Windows NT 5.1; Trident/5.0)"
107.151.226.242 - - [29/May/2016:15:43:35 +0800] "CONNECT www.baidu.com:443 HTTP/1.0" 400 172 "-" "-"
107.151.226.242 - - [29/May/2016:15:44:32 +0800] "GET http://proxyjudge.us/ HTTP/1.0" 404 2017 "-" "Mozilla/5.0 (compatible; MSIE 6.0; Windows NT 5.1; Trident/5.0)"
107.151.226.242 - - [29/May/2016:15:44:34 +0800] "CONNECT www.baidu.com:443 HTTP/1.0" 400 172 "-" "-"
169.229.3.91 - - [29/May/2016:16:18:32 +0800] "\xAB\xB4\xB3\xD1d\xADA\x919\x85\x9C\xFFTKL.r|\xEA0\x18j\xE9@\x80&\xF3k\x9E^1\x96ig\xA3Wv\x16\xAC\xF1\x88\xA1\x11F\x904\xA5\x90\xF6l\xA7k'\xFE\xD1BUL\xDBV\xE37U\xC3" 400 172 "-" "-"
58.247.206.144 - - [29/May/2016:16:24:57 +0800] "POST /api.php?hash=evYqw&signature=cefe244304b2df1c594193dfd12ed0cc6ce069ed&timestamp=1464510297&nonce=1392823337 HTTP/1.0" 404 2152 "-" "Mozilla/4.0"
123.59.59.52 - - [29/May/2016:16:33:38 +0800] "GET http://www.mafengwo.cn/ HTTP/1.1" 404 2031 "-" "Mozilla/5.0 (Windows NT 6.1; WOW64; rv:29.0) Gecko/20100101 Firefox/29.0"
107.151.226.242 - - [29/May/2016:17:08:07 +0800] "GET http://www.proxyjudge.info/azenv.php HTTP/1.0" 404 2050 "-" "Mozilla/5.0 (compatible; MSIE 6.0; Windows NT 5.1; Trident/5.0)"
107.151.226.242 - - [29/May/2016:17:08:09 +0800] "CONNECT www.baidu.com:443 HTTP/1.0" 400 172 "-" "-"
58.247.206.142 - - [29/May/2016:17:15:59 +0800] "POST /api.php?hash=evYqw&signature=ea3b68295e0335fac0aa152444fc29fa505c5e68&timestamp=1464513359&nonce=274939008 HTTP/1.0" 404 2151 "-" "Mozilla/4.0"
107.151.226.242 - - [29/May/2016:17:48:07 +0800] "GET http://www.rx2.eu/ivy/azenv.php HTTP/1.0" 404 2053 "-" "Mozilla/5.0 (compatible; MSIE 6.0; Windows NT 5.1; Trident/5.0)"
107.151.226.242 - - [29/May/2016:17:48:09 +0800] "CONNECT www.baidu.com:443 HTTP/1.0" 400 172 "-" "-"
107.151.226.242 - - [29/May/2016:17:50:18 +0800] "GET http://proxyjudge.us/ HTTP/1.0" 404 2017 "-" "Mozilla/5.0 (compatible; MSIE 6.0; Windows NT 5.1; Trident/5.0)"
107.151.226.242 - - [29/May/2016:17:50:22 +0800] "CONNECT www.baidu.com:443 HTTP/1.0" 400 172 "-" "-"
212.83.179.44 - - [29/May/2016:17:55:32 +0800] "HEAD /robots.txt HTTP/1.0" 404 0 "-" "-"
5.178.86.75 - - [29/May/2016:18:08:26 +0800] "CONNECT check.best-proxies.ru:80 HTTP/1.1" 400 172 "-" "-"
141.212.122.97 - - [29/May/2016:18:10:29 +0800] "GET /x HTTP/1.1" 400 172 "-" "Telesphoreo"
58.247.206.142 - - [29/May/2016:18:16:22 +0800] "POST /api.php?hash=evYqw&signature=efc988dafad9ad72790f9f13d705d5892322c5b3&timestamp=1464516982&nonce=2135826590 HTTP/1.0" 404 2152 "-" "Mozilla/4.0"
107.151.226.242 - - [29/May/2016:19:02:53 +0800] "GET http://www.luisaranguren.com/azenv.php HTTP/1.0" 404 2052 "-" "Mozilla/5.0 (compatible; MSIE 6.0; Windows NT 5.1; Trident/5.0)"
107.151.226.242 - - [29/May/2016:19:02:53 +0800] "CONNECT www.baidu.com:443 HTTP/1.0" 400 172 "-" "-"
80.82.78.38 - - [29/May/2016:19:12:13 +0800] "GET http://www.baidu.com/cache/global/img/gs.gif HTTP/1.1" 404 2098 "-" "Mozilla"
107.151.226.242 - - [29/May/2016:19:41:46 +0800] "GET http://www.proxy-listen.de/azenv.php HTTP/1.0" 404 2050 "-" "Mozilla/5.0 (compatible; MSIE 6.0; Windows NT 5.1; Trident/5.0)"
107.151.226.242 - - [29/May/2016:19:41:48 +0800] "CONNECT www.baidu.com:443 HTTP/1.0" 400 172 "-" "-"
157.55.39.211 - - [29/May/2016:19:46:10 +0800] "GET / HTTP/1.1" 404 2033 "-" "Mozilla/5.0 (compatible; bingbot/2.0; +http://www.bing.com/bingbot.htm)"
58.247.206.147 - - [29/May/2016:19:49:41 +0800] "POST /api.php?hash=r3bbG&signature=d8173a0ea5f79cef27c4bb1083d2c1ec75888066&timestamp=1464522581&nonce=1685801935 HTTP/1.0" 404 2152 "-" "Mozilla/4.0"
172.82.166.210 - - [29/May/2016:20:05:09 +0800] "GET http://www.baidu.com/cache/global/img/gs.gif HTTP/1.1" 404 2098 "-" "Mozilla"
121.42.210.61 - - [29/May/2016:20:28:28 +0800] "GET / HTTP/1.1" 404 2034 "-" "-"
107.151.226.242 - - [29/May/2016:20:43:41 +0800] "GET http://www.proxyjudge.info/azenv.php HTTP/1.0" 404 2050 "-" "Mozilla/5.0 (compatible; MSIE 6.0; Windows NT 5.1; Trident/5.0)"
107.151.226.242 - - [29/May/2016:20:43:42 +0800] "CONNECT www.baidu.com:443 HTTP/1.0" 400 172 "-" "-"
107.151.226.242 - - [29/May/2016:20:45:04 +0800] "GET http://www.rx2.eu/ivy/azenv.php HTTP/1.0" 404 2053 "-" "Mozilla/5.0 (compatible; MSIE 6.0; Windows NT 5.1; Trident/5.0)"
107.151.226.242 - - [29/May/2016:20:45:07 +0800] "CONNECT www.baidu.com:443 HTTP/1.0" 400 172 "-" "-"
107.151.226.242 - - [29/May/2016:20:46:05 +0800] "GET http://www.proxyjudge.info/azenv.php HTTP/1.0" 404 2050 "-" "Mozilla/5.0 (compatible; MSIE 6.0; Windows NT 5.1; Trident/5.0)"
107.151.226.242 - - [29/May/2016:20:46:07 +0800] "CONNECT www.baidu.com:443 HTTP/1.0" 400 172 "-" "-"
211.148.105.79 - - [29/May/2016:21:01:47 +0800] "GET /themes/mobile/default/form/offer.php?weid=8 HTTP/1.1" 404 2145 "-" "Mozilla/5.0 (Linux; Android 5.0.2; PLK-AL10 Build/HONORPLK-AL10) AppleWebKit/537.36 (KHTML, like Gecko) Version/4.0 Chrome/37.0.0.0 Mobile MQQBrowser/6.2 TBS/036215 Safari/537.36 MicroMessenger/6.3.18.800 NetType/WIFI Language/zh_CN"
58.247.206.152 - - [29/May/2016:21:01:47 +0800] "POST /api.php?hash=r3bbG&signature=eac659342579a94f74eb2cedd7a4032f12bd0850&timestamp=1464526907&nonce=1611934122 HTTP/1.0" 404 2152 "-" "Mozilla/4.0"
211.148.105.79 - - [29/May/2016:21:01:47 +0800] "GET /favicon.ico HTTP/1.1" 404 2063 "-" "Mozilla/5.0 (Linux; Android 5.0.2; PLK-AL10 Build/HONORPLK-AL10) AppleWebKit/537.36 (KHTML, like Gecko) Version/4.0 Chrome/37.0.0.0 Mobile MQQBrowser/6.2 TBS/036215 Safari/537.36 MicroMessenger/6.3.18.800 NetType/WIFI Language/zh_CN"
58.247.206.157 - - [29/May/2016:21:02:07 +0800] "POST /api.php?hash=r3bbG&signature=2f6e25129c43ac6e38980f7696c270d69b45f5c0&timestamp=1464526927&nonce=1945891177 HTTP/1.0" 404 2152 "-" "Mozilla/4.0"
211.148.105.79 - - [29/May/2016:21:02:07 +0800] "GET /themes/mobile/default/form/offer.php?weid=8 HTTP/1.1" 404 2145 "-" "Mozilla/5.0 (Linux; Android 5.0.2; PLK-AL10 Build/HONORPLK-AL10) AppleWebKit/537.36 (KHTML, like Gecko) Version/4.0 Chrome/37.0.0.0 Mobile MQQBrowser/6.2 TBS/036215 Safari/537.36 MicroMessenger/6.3.18.800 NetType/WIFI Language/zh_CN"
211.148.105.79 - - [29/May/2016:21:02:07 +0800] "GET /favicon.ico HTTP/1.1" 404 2063 "-" "Mozilla/5.0 (Linux; Android 5.0.2; PLK-AL10 Build/HONORPLK-AL10) AppleWebKit/537.36 (KHTML, like Gecko) Version/4.0 Chrome/37.0.0.0 Mobile MQQBrowser/6.2 TBS/036215 Safari/537.36 MicroMessenger/6.3.18.800 NetType/WIFI Language/zh_CN"
107.151.226.242 - - [29/May/2016:21:19:10 +0800] "GET http://www.luisaranguren.com/azenv.php HTTP/1.0" 404 2052 "-" "Mozilla/5.0 (compatible; MSIE 6.0; Windows NT 5.1; Trident/5.0)"
107.151.226.242 - - [29/May/2016:21:19:11 +0800] "CONNECT www.baidu.com:443 HTTP/1.0" 400 172 "-" "-"
107.151.226.242 - - [29/May/2016:21:20:19 +0800] "GET http://www.luisaranguren.com/azenv.php HTTP/1.0" 404 2052 "-" "Mozilla/5.0 (compatible; MSIE 6.0; Windows NT 5.1; Trident/5.0)"
107.151.226.242 - - [29/May/2016:21:20:21 +0800] "CONNECT www.baidu.com:443 HTTP/1.0" 400 172 "-" "-"
107.151.226.242 - - [29/May/2016:22:04:58 +0800] "GET http://www.proxyjudge.info/azenv.php HTTP/1.0" 404 2050 "-" "Mozilla/5.0 (compatible; MSIE 6.0; Windows NT 5.1; Trident/5.0)"
107.151.226.242 - - [29/May/2016:22:05:08 +0800] "CONNECT www.alipay.com:443 HTTP/1.0" 400 172 "-" "-"
107.151.226.242 - - [29/May/2016:22:06:11 +0800] "GET http://www.proxyjudge.info/azenv.php HTTP/1.0" 404 2050 "-" "Mozilla/5.0 (compatible; MSIE 6.0; Windows NT 5.1; Trident/5.0)"
107.151.226.242 - - [29/May/2016:22:06:19 +0800] "CONNECT www.alipay.com:443 HTTP/1.0" 400 172 "-" "-"
107.151.226.242 - - [29/May/2016:22:38:41 +0800] "GET http://domkrim.com/av.php HTTP/1.0" 404 2033 "-" "Mozilla/5.0 (compatible; MSIE 6.0; Windows NT 5.1; Trident/5.0)"
107.151.226.242 - - [29/May/2016:22:38:43 +0800] "CONNECT www.baidu.com:443 HTTP/1.0" 400 172 "-" "-"
107.151.226.242 - - [29/May/2016:22:40:38 +0800] "GET http://www.luisaranguren.com/azenv.php HTTP/1.0" 404 2052 "-" "Mozilla/5.0 (compatible; MSIE 6.0; Windows NT 5.1; Trident/5.0)"
107.151.226.242 - - [29/May/2016:22:40:41 +0800] "CONNECT www.baidu.com:443 HTTP/1.0" 400 172 "-" "-"
115.28.19.26 - - [29/May/2016:22:50:21 +0800] "CONNECT search.yahoo.com:443 HTTP/1.1" 400 172 "-" "-"
185.49.14.190 - - [29/May/2016:23:02:13 +0800] "GET http://testp4.pospr.waw.pl/testproxy.php HTTP/1.1" 404 2074 "-" "Mozilla/5.0 (Windows NT 5.1; rv:32.0) Gecko/20100101 Firefox/31.0"
95.213.187.187 - - [29/May/2016:23:06:57 +0800] "CONNECT check.best-proxies.ru:80 HTTP/1.1" 400 172 "-" "-"
80.82.78.38 - - [29/May/2016:23:15:51 +0800] "GET http://www.baidu.com/cache/global/img/gs.gif HTTP/1.1" 404 2098 "-" "Mozilla"
107.151.226.242 - - [29/May/2016:23:17:32 +0800] "GET http://www.proxyjudge.info/azenv.php HTTP/1.0" 404 2050 "-" "Mozilla/5.0 (compatible; MSIE 6.0; Windows NT 5.1; Trident/5.0)"
107.151.226.242 - - [29/May/2016:23:17:34 +0800] "CONNECT www.baidu.com:443 HTTP/1.0" 400 172 "-" "-"
185.49.14.190 - - [29/May/2016:23:55:53 +0800] "GET http://testp4.pospr.waw.pl/testproxy.php HTTP/1.1" 404 2074 "-" "Mozilla/5.0 (Windows NT 5.1; rv:32.0) Gecko/20100101 Firefox/31.0"
58.218.213.198 - - [29/May/2016:23:57:25 +0800] "GET /phpMyAdmin/ HTTP/1.1" 404 2063 "http://115.28.148.225/phpMyAdmin/" "Mozilla/4.0 (compatible; MSIE 9.0; Windows NT 6.1)"
107.151.226.242 - - [29/May/2016:23:59:10 +0800] "GET http://www.proxy-listen.de/azenv.php HTTP/1.0" 404 2050 "-" "Mozilla/5.0 (compatible; MSIE 6.0; Windows NT 5.1; Trident/5.0)"
107.151.226.242 - - [29/May/2016:23:59:14 +0800] "CONNECT www.baidu.com:443 HTTP/1.0" 400 172 "-" "-"
107.151.226.242 - - [30/May/2016:00:42:23 +0800] "GET http://www.luisaranguren.com/azenv.php HTTP/1.0" 404 2052 "-" "Mozilla/5.0 (compatible; MSIE 6.0; Windows NT 5.1; Trident/5.0)"
107.151.226.242 - - [30/May/2016:00:42:25 +0800] "CONNECT www.baidu.com:443 HTTP/1.0" 400 172 "-" "-"
107.151.226.242 - - [30/May/2016:00:44:47 +0800] "CONNECT www.baidu.com:443 HTTP/1.0" 400 172 "-" "-"
107.151.226.242 - - [30/May/2016:00:47:59 +0800] "GET http://www.advalleys.com/azenvaa.php HTTP/1.0" 404 2054 "-" "Mozilla/5.0 (compatible; MSIE 6.0; Windows NT 5.1; Trident/5.0)"
107.151.226.242 - - [30/May/2016:00:48:00 +0800] "CONNECT www.baidu.com:443 HTTP/1.0" 400 172 "-" "-"
107.151.226.242 - - [30/May/2016:01:27:31 +0800] "GET http://www.proxyjudge.info/azenv.php HTTP/1.0" 404 2050 "-" "Mozilla/5.0 (compatible; MSIE 6.0; Windows NT 5.1; Trident/5.0)"
107.151.226.242 - - [30/May/2016:01:27:36 +0800] "CONNECT www.alipay.com:443 HTTP/1.0" 400 172 "-" "-"
107.151.226.242 - - [30/May/2016:01:28:23 +0800] "GET http://www.rx2.eu/ivy/azenv.php HTTP/1.0" 404 2053 "-" "Mozilla/5.0 (compatible; MSIE 6.0; Windows NT 5.1; Trident/5.0)"
107.151.226.242 - - [30/May/2016:01:28:23 +0800] "CONNECT www.alipay.com:443 HTTP/1.0" 400 172 "-" "-"
107.151.226.242 - - [30/May/2016:02:02:10 +0800] "GET http://www.proxy-listen.de/azenv.php HTTP/1.0" 404 2050 "-" "Mozilla/5.0 (compatible; MSIE 6.0; Windows NT 5.1; Trident/5.0)"
107.151.226.242 - - [30/May/2016:02:02:10 +0800] "CONNECT www.baidu.com:443 HTTP/1.0" 400 172 "-" "-"
172.82.166.210 - - [30/May/2016:02:36:10 +0800] "GET http://www.baidu.com/cache/global/img/gs.gif HTTP/1.1" 404 2098 "-" "Mozilla"
80.82.78.38 - - [30/May/2016:03:15:17 +0800] "GET http://www.baidu.com/cache/global/img/gs.gif HTTP/1.1" 404 2098 "-" "Mozilla"
107.151.226.242 - - [30/May/2016:03:24:26 +0800] "GET http://www.proxy-listen.de/azenv.php HTTP/1.0" 404 2050 "-" "Mozilla/5.0 (compatible; MSIE 6.0; Windows NT 5.1; Trident/5.0)"
107.151.226.242 - - [30/May/2016:03:24:28 +0800] "CONNECT www.baidu.com:443 HTTP/1.0" 400 172 "-" "-"
107.151.226.242 - - [30/May/2016:03:25:55 +0800] "GET http://www.luisaranguren.com/azenv.php HTTP/1.0" 404 2052 "-" "Mozilla/5.0 (compatible; MSIE 6.0; Windows NT 5.1; Trident/5.0)"
107.151.226.242 - - [30/May/2016:03:25:56 +0800] "CONNECT www.baidu.com:443 HTTP/1.0" 400 172 "-" "-"
123.56.65.139 - - [30/May/2016:03:43:41 +0800] "GET / HTTP/1.1" 404 2034 "-" "-"
123.151.42.61 - - [30/May/2016:03:46:49 +0800] "GET http://www.baidu.com/ HTTP/1.1" 404 2029 "-" "-"
95.213.187.186 - - [30/May/2016:04:01:55 +0800] "CONNECT check.best-proxies.ru:80 HTTP/1.1" 400 172 "-" "-"
107.151.226.242 - - [30/May/2016:04:06:27 +0800] "GET http://domkrim.com/av.php HTTP/1.0" 404 2033 "-" "Mozilla/5.0 (compatible; MSIE 6.0; Windows NT 5.1; Trident/5.0)"
107.151.226.242 - - [30/May/2016:04:06:29 +0800] "CONNECT www.alipay.com:443 HTTP/1.0" 400 172 "-" "-"
107.151.226.242 - - [30/May/2016:04:07:32 +0800] "GET http://www.rx2.eu/ivy/azenv.php HTTP/1.0" 404 2053 "-" "Mozilla/5.0 (compatible; MSIE 6.0; Windows NT 5.1; Trident/5.0)"
107.151.226.242 - - [30/May/2016:04:07:34 +0800] "CONNECT www.baidu.com:443 HTTP/1.0" 400 172 "-" "-"
107.151.226.242 - - [30/May/2016:04:40:57 +0800] "GET http://www.rx2.eu/ivy/azenv.php HTTP/1.0" 404 2053 "-" "Mozilla/5.0 (compatible; MSIE 6.0; Windows NT 5.1; Trident/5.0)"
107.151.226.242 - - [30/May/2016:04:41:01 +0800] "CONNECT www.alipay.com:443 HTTP/1.0" 400 172 "-" "-"
107.151.226.242 - - [30/May/2016:04:42:00 +0800] "GET http://domkrim.com/av.php HTTP/1.0" 404 2033 "-" "Mozilla/5.0 (compatible; MSIE 6.0; Windows NT 5.1; Trident/5.0)"
107.151.226.242 - - [30/May/2016:04:42:02 +0800] "CONNECT www.baidu.com:443 HTTP/1.0" 400 172 "-" "-"
107.151.226.242 - - [30/May/2016:05:15:37 +0800] "GET http://www.luisaranguren.com/azenv.php HTTP/1.0" 404 2052 "-" "Mozilla/5.0 (compatible; MSIE 6.0; Windows NT 5.1; Trident/5.0)"
107.151.226.242 - - [30/May/2016:05:15:39 +0800] "CONNECT www.baidu.com:443 HTTP/1.0" 400 172 "-" "-"
107.151.226.242 - - [30/May/2016:05:16:46 +0800] "GET http://www.luisaranguren.com/azenv.php HTTP/1.0" 404 2052 "-" "Mozilla/5.0 (compatible; MSIE 6.0; Windows NT 5.1; Trident/5.0)"
107.151.226.242 - - [30/May/2016:05:16:47 +0800] "CONNECT www.baidu.com:443 HTTP/1.0" 400 172 "-" "-"
107.151.226.242 - - [30/May/2016:05:54:07 +0800] "GET http://www.advalleys.com/azenvaa.php HTTP/1.0" 404 2054 "-" "Mozilla/5.0 (compatible; MSIE 6.0; Windows NT 5.1; Trident/5.0)"
107.151.226.242 - - [30/May/2016:05:54:09 +0800] "CONNECT www.alipay.com:443 HTTP/1.0" 400 172 "-" "-"
107.151.226.242 - - [30/May/2016:05:55:58 +0800] "GET http://www.advalleys.com/azenvaa.php HTTP/1.0" 404 2054 "-" "Mozilla/5.0 (compatible; MSIE 6.0; Windows NT 5.1; Trident/5.0)"
107.151.226.242 - - [30/May/2016:05:55:58 +0800] "CONNECT www.alipay.com:443 HTTP/1.0" 400 172 "-" "-"
121.42.0.34 - - [30/May/2016:06:19:57 +0800] "GET / HTTP/1.0" 404 2021 "-" "spiderman"
80.82.78.38 - - [30/May/2016:07:15:35 +0800] "GET http://www.baidu.com/cache/global/img/gs.gif HTTP/1.1" 404 2098 "-" "Mozilla"
121.42.0.34 - - [30/May/2016:07:34:34 +0800] "GET / HTTP/1.0" 404 2018 "-" "spiderman"
107.151.226.242 - - [30/May/2016:07:58:38 +0800] "GET http://www.proxy-listen.de/azenv.php HTTP/1.0" 404 2050 "-" "Mozilla/5.0 (compatible; MSIE 6.0; Windows NT 5.1; Trident/5.0)"
107.151.226.242 - - [30/May/2016:07:58:38 +0800] "CONNECT www.baidu.com:443 HTTP/1.0" 400 172 "-" "-"
107.151.226.242 - - [30/May/2016:08:00:37 +0800] "GET http://domkrim.com/av.php HTTP/1.0" 404 2033 "-" "Mozilla/5.0 (compatible; MSIE 6.0; Windows NT 5.1; Trident/5.0)"
107.151.226.242 - - [30/May/2016:08:00:39 +0800] "CONNECT www.alipay.com:443 HTTP/1.0" 400 172 "-" "-"
222.187.25.26 - - [30/May/2016:08:16:58 +0800] "GET /wechat/ HTTP/1.1" 200 30 "-" "Mozilla/5.0 (Windows NT 6.1; WOW64) AppleWebKit/537.36 (KHTML, like Gecko) Chrome/50.0.2661.94 Safari/537.36"
222.187.25.26 - - [30/May/2016:08:16:58 +0800] "GET /favicon.ico HTTP/1.1" 404 2063 "http://115.28.148.225/wechat/" "Mozilla/5.0 (Windows NT 6.1; WOW64) AppleWebKit/537.36 (KHTML, like Gecko) Chrome/50.0.2661.94 Safari/537.36"
101.201.147.32 - - [30/May/2016:08:41:09 +0800] "GET /js/roadShowForAunigold.min.js HTTP/1.1" 404 2119 "-" "Mozilla/5.0 (Windows NT 10.0; Win64; x64) AppleWebKit/537.36 (KHTML, like Gecko) Chrome/49.0.2623.110 Safari/537.36"
58.247.206.154 - - [30/May/2016:08:42:25 +0800] "POST /api.php?hash=evYqw&signature=716a5a2abfac6fac70643282770c051d4d7f820b&timestamp=1464568945&nonce=87208736 HTTP/1.0" 404 2150 "-" "Mozilla/4.0"
95.213.187.186 - - [30/May/2016:08:53:12 +0800] "CONNECT check.best-proxies.ru:80 HTTP/1.1" 400 172 "-" "-"
213.246.45.128 - - [30/May/2016:09:02:45 +0800] "GET http://www.baidu.com/cache/global/img/gs.gif HTTP/1.1" 404 2098 "-" "Mozilla"
121.33.250.228 - - [30/May/2016:09:06:30 +0800] "GET /favicon.ico HTTP/1.1" 404 2063 "-" "Mozilla/4.0 (compatible; MSIE 7.0; Windows NT 5.1; Trident/4.0; .NET CLR 2.0.50727; 360space)"
107.151.226.242 - - [30/May/2016:09:10:43 +0800] "GET http://proxyjudge.us/ HTTP/1.0" 404 2017 "-" "Mozilla/5.0 (compatible; MSIE 6.0; Windows NT 5.1; Trident/5.0)"
107.151.226.242 - - [30/May/2016:09:10:44 +0800] "CONNECT www.alipay.com:443 HTTP/1.0" 400 172 "-" "-"
107.151.226.242 - - [30/May/2016:09:12:13 +0800] "GET http://domkrim.com/av.php HTTP/1.0" 404 2033 "-" "Mozilla/5.0 (compatible; MSIE 6.0; Windows NT 5.1; Trident/5.0)"
107.151.226.242 - - [30/May/2016:09:12:14 +0800] "CONNECT www.baidu.com:443 HTTP/1.0" 400 172 "-" "-"
58.247.206.142 - - [30/May/2016:09:16:45 +0800] "POST /api.php?hash=evYqw&signature=9dd031cf5961ce3ed99915c2c83725d7d25d8cc8&timestamp=1464571005&nonce=662047330 HTTP/1.0" 404 2151 "-" "Mozilla/4.0"
58.247.206.144 - - [30/May/2016:09:17:02 +0800] "POST /api.php?hash=evYqw&signature=688248a049ae28a6a4ab37a459c83585acccc7ca&timestamp=1464571022&nonce=996995928 HTTP/1.0" 404 2151 "-" "Mozilla/4.0"
58.247.206.140 - - [30/May/2016:09:17:10 +0800] "POST /api.php?hash=evYqw&signature=87b57ebf5f62a0febe6add3c3241240f561d772e&timestamp=1464571030&nonce=1621211682 HTTP/1.0" 404 2152 "-" "Mozilla/4.0"
183.136.190.62 - - [30/May/2016:09:19:54 +0800] "GET / HTTP/1.1" 404 2033 "-" "Mozilla/5.0 (Windows NT 6.1) AppleWebKit/537.36 (KHTML, like Gecko) Chrome/35.0.1916.153 Safari/537.36"
58.247.206.149 - - [30/May/2016:09:20:01 +0800] "POST /api.php?hash=evYqw&signature=6bb58c67633ff72ca30ebcc4fe15531ec58d2888&timestamp=1464571201&nonce=2080272162 HTTP/1.0" 404 2152 "-" "Mozilla/4.0"
58.247.206.149 - - [30/May/2016:09:20:14 +0800] "POST /api.php?hash=evYqw&signature=543ca7b7fa90bc2200df5bdae3b51b57e4ac704f&timestamp=1464571214&nonce=310570858 HTTP/1.0" 404 2151 "-" "Mozilla/4.0"
58.247.206.140 - - [30/May/2016:09:20:34 +0800] "POST /api.php?hash=evYqw&signature=444c01cba285ec9c936b6196f3769a394497f6f3&timestamp=1464571234&nonce=694307060 HTTP/1.0" 404 2151 "-" "Mozilla/4.0"
115.28.142.175 - - [30/May/2016:09:23:01 +0800] "CONNECT search.yahoo.com:443 HTTP/1.1" 400 172 "-" "-"
107.151.226.242 - - [30/May/2016:09:39:58 +0800] "GET http://www.rx2.eu/ivy/azenv.php HTTP/1.0" 404 2053 "-" "Mozilla/5.0 (compatible; MSIE 6.0; Windows NT 5.1; Trident/5.0)"
107.151.226.242 - - [30/May/2016:09:40:00 +0800] "CONNECT www.baidu.com:443 HTTP/1.0" 400 172 "-" "-"
157.55.39.211 - - [30/May/2016:09:46:52 +0800] "GET / HTTP/1.1" 404 2033 "-" "Mozilla/5.0 (compatible; bingbot/2.0; +http://www.bing.com/bingbot.htm)"
58.247.206.142 - - [30/May/2016:10:02:33 +0800] "POST /api.php?hash=evYqw&signature=c095ab82adb8d3d56fb7b33ff4c0e8867cf3b5f4&timestamp=1464573753&nonce=1792222933 HTTP/1.0" 404 2152 "-" "Mozilla/4.0"
58.247.206.156 - - [30/May/2016:10:04:00 +0800] "POST /api.php?hash=evYqw&signature=494a8a2c6e800b1a733ca623069a3094933763ee&timestamp=1464573840&nonce=1838706856 HTTP/1.0" 404 2152 "-" "Mozilla/4.0"
107.151.226.242 - - [30/May/2016:10:29:41 +0800] "GET http://www.rx2.eu/ivy/azenv.php HTTP/1.0" 404 2053 "-" "Mozilla/5.0 (compatible; MSIE 6.0; Windows NT 5.1; Trident/5.0)"
107.151.226.242 - - [30/May/2016:10:29:43 +0800] "CONNECT www.baidu.com:443 HTTP/1.0" 400 172 "-" "-"
107.151.226.242 - - [30/May/2016:10:31:11 +0800] "GET http://www.rx2.eu/ivy/azenv.php HTTP/1.0" 404 2053 "-" "Mozilla/5.0 (compatible; MSIE 6.0; Windows NT 5.1; Trident/5.0)"
107.151.226.242 - - [30/May/2016:10:31:11 +0800] "CONNECT www.baidu.com:443 HTTP/1.0" 400 172 "-" "-"
58.247.206.149 - - [30/May/2016:10:55:22 +0800] "POST /api.php?hash=evYqw&signature=682a94b69c4f68d0faaabe038caf634f0e7353f3&timestamp=1464576922&nonce=10115569 HTTP/1.0" 404 2150 "-" "Mozilla/4.0"
107.151.226.242 - - [30/May/2016:11:05:32 +0800] "GET http://www.proxy-listen.de/azenv.php HTTP/1.0" 404 2050 "-" "Mozilla/5.0 (compatible; MSIE 6.0; Windows NT 5.1; Trident/5.0)"
107.151.226.242 - - [30/May/2016:11:05:33 +0800] "CONNECT www.baidu.com:443 HTTP/1.0" 400 172 "-" "-"
58.247.206.157 - - [30/May/2016:11:06:53 +0800] "POST /api.php?hash=evYqw&signature=cef96262882bf032a2687dd05486b60da7cd728d&timestamp=1464577613&nonce=550150088 HTTP/1.0" 404 2151 "-" "Mozilla/4.0"
80.82.78.38 - - [30/May/2016:11:17:39 +0800] "GET http://www.baidu.com/cache/global/img/gs.gif HTTP/1.1" 404 2098 "-" "Mozilla"
185.25.148.240 - - [30/May/2016:11:42:26 +0800] "GET http://testp3.pospr.waw.pl/testproxy.php HTTP/1.1" 404 2074 "-" "Mozilla/5.0 (Windows NT 5.1; rv:32.0) Gecko/20100101 Firefox/31.0"
115.28.139.50 - - [30/May/2016:11:44:12 +0800] "CONNECT search.yahoo.com:443 HTTP/1.1" 400 172 "-" "-"
107.151.226.242 - - [30/May/2016:11:50:09 +0800] "GET http://www.rx2.eu/ivy/azenv.php HTTP/1.0" 404 2053 "-" "Mozilla/5.0 (compatible; MSIE 6.0; Windows NT 5.1; Trident/5.0)"
107.151.226.242 - - [30/May/2016:11:50:11 +0800] "CONNECT www.baidu.com:443 HTTP/1.0" 400 172 "-" "-"
107.151.226.242 - - [30/May/2016:11:51:54 +0800] "GET http://proxyjudge.us/ HTTP/1.0" 404 2017 "-" "Mozilla/5.0 (compatible; MSIE 6.0; Windows NT 5.1; Trident/5.0)"
107.151.226.242 - - [30/May/2016:11:51:54 +0800] "CONNECT www.baidu.com:443 HTTP/1.0" 400 172 "-" "-"
58.247.206.139 - - [30/May/2016:12:22:32 +0800] "POST /api.php?hash=evYqw&signature=210ca543679e78929f03a5fb279e64068325d5d9&timestamp=1464582152&nonce=278113189 HTTP/1.0" 404 2151 "-" "Mozilla/4.0"
107.151.226.242 - - [30/May/2016:12:26:44 +0800] "GET http://www.rx2.eu/ivy/azenv.php HTTP/1.0" 404 2053 "-" "Mozilla/5.0 (compatible; MSIE 6.0; Windows NT 5.1; Trident/5.0)"
